Archive member included because of file (symbol)

c:/altera/13sp1/nios2eds/bin/gnu/h-i686-mingw32/bin/../lib/gcc/nios2-elf/4.1.2/../../../../nios2-elf/lib\libc.a(lib_a-islower.o)
                              obj/default//C/Users/zs35/Desktop/lab12/Templates/main_part4.o (islower)
c:/altera/13sp1/nios2eds/bin/gnu/h-i686-mingw32/bin/../lib/gcc/nios2-elf/4.1.2/../../../../nios2-elf/lib\libc.a(lib_a-isupper.o)
                              obj/default//C/Users/zs35/Desktop/lab12/Templates/main_part4.o (isupper)
c:/altera/13sp1/nios2eds/bin/gnu/h-i686-mingw32/bin/../lib/gcc/nios2-elf/4.1.2/../../../../nios2-elf/lib\libc.a(lib_a-tolower.o)
                              obj/default//C/Users/zs35/Desktop/lab12/Templates/main_part4.o (tolower)
c:/altera/13sp1/nios2eds/bin/gnu/h-i686-mingw32/bin/../lib/gcc/nios2-elf/4.1.2/../../../../nios2-elf/lib\libc.a(lib_a-toupper.o)
                              obj/default//C/Users/zs35/Desktop/lab12/Templates/main_part4.o (toupper)
c:/altera/13sp1/nios2eds/bin/gnu/h-i686-mingw32/bin/../lib/gcc/nios2-elf/4.1.2/../../../../nios2-elf/lib\libc.a(lib_a-ctype_.o)
                              c:/altera/13sp1/nios2eds/bin/gnu/h-i686-mingw32/bin/../lib/gcc/nios2-elf/4.1.2/../../../../nios2-elf/lib\libc.a(lib_a-tolower.o) (__ctype_ptr)
BSP/\libhal_bsp.a(alt_load.o)
                              BSP//obj/HAL/src/crt0.o (alt_load)
BSP/\libhal_bsp.a(alt_main.o)
                              BSP//obj/HAL/src/crt0.o (alt_main)
BSP/\libhal_bsp.a(alt_sys_init.o)
                              BSP/\libhal_bsp.a(alt_main.o) (alt_irq_init)
BSP/\libhal_bsp.a(altera_avalon_timer_sc.o)
                              BSP/\libhal_bsp.a(alt_sys_init.o) (alt_avalon_timer_sc_init)
BSP/\libhal_bsp.a(altera_up_avalon_character_lcd.o)
                              obj/default//C/Users/zs35/Desktop/lab12/Templates/main_part4.o (alt_up_character_lcd_string)
BSP/\libhal_bsp.a(altera_up_avalon_rs232.o)
                              obj/default//C/Users/zs35/Desktop/lab12/Templates/main_part4.o (alt_up_rs232_open_dev)
BSP/\libhal_bsp.a(alt_close.o)
                              BSP/\libhal_bsp.a(alt_main.o) (close)
BSP/\libhal_bsp.a(alt_dcache_flush_all.o)
                              BSP/\libhal_bsp.a(alt_load.o) (alt_dcache_flush_all)
BSP/\libhal_bsp.a(alt_dev.o)  BSP/\libhal_bsp.a(alt_sys_init.o) (alt_dev_list)
BSP/\libhal_bsp.a(alt_dev_llist_insert.o)
                              BSP/\libhal_bsp.a(alt_sys_init.o) (alt_dev_llist_insert)
BSP/\libhal_bsp.a(alt_errno.o)
                              BSP/\libhal_bsp.a(alt_close.o) (alt_errno)
BSP/\libhal_bsp.a(alt_find_dev.o)
                              BSP/\libhal_bsp.a(altera_up_avalon_character_lcd.o) (alt_find_dev)
BSP/\libhal_bsp.a(alt_icache_flush_all.o)
                              BSP/\libhal_bsp.a(alt_load.o) (alt_icache_flush_all)
BSP/\libhal_bsp.a(alt_irq_register.o)
                              BSP/\libhal_bsp.a(altera_avalon_timer_sc.o) (alt_irq_register)
BSP/\libhal_bsp.a(alt_irq_vars.o)
                              BSP/\libhal_bsp.a(alt_irq_register.o) (alt_irq_active)
BSP/\libhal_bsp.a(alt_release_fd.o)
                              BSP/\libhal_bsp.a(alt_close.o) (alt_release_fd)
BSP/\libhal_bsp.a(alt_tick.o)
                              BSP/\libhal_bsp.a(altera_avalon_timer_sc.o) (alt_tick)
BSP/\libhal_bsp.a(altera_nios2_qsys_irq.o)
                              BSP/\libhal_bsp.a(alt_sys_init.o) (altera_nios2_qsys_irq_init)
BSP/\libhal_bsp.a(alt_icache_flush.o)
                              BSP/\libhal_bsp.a(alt_icache_flush_all.o) (alt_icache_flush)
BSP/\libhal_bsp.a(alt_irq_entry.o)
                              BSP/\libhal_bsp.a(alt_irq_register.o) (alt_irq_entry)
BSP/\libhal_bsp.a(alt_irq_handler.o)
                              BSP/\libhal_bsp.a(alt_irq_register.o) (alt_irq_handler)
BSP/\libhal_bsp.a(alt_exception_entry.o)
                              BSP/\libhal_bsp.a(alt_irq_entry.o) (alt_exception)
c:/altera/13sp1/nios2eds/bin/gnu/h-i686-mingw32/bin/../lib/gcc/nios2-elf/4.1.2/../../../../nios2-elf/lib\libc.a(lib_a-exit.o)
                              BSP/\libhal_bsp.a(alt_main.o) (exit)
c:/altera/13sp1/nios2eds/bin/gnu/h-i686-mingw32/bin/../lib/gcc/nios2-elf/4.1.2/../../../../nios2-elf/lib\libc.a(lib_a-impure.o)
                              c:/altera/13sp1/nios2eds/bin/gnu/h-i686-mingw32/bin/../lib/gcc/nios2-elf/4.1.2/../../../../nios2-elf/lib\libc.a(lib_a-exit.o) (_global_impure_ptr)
c:/altera/13sp1/nios2eds/bin/gnu/h-i686-mingw32/bin/../lib/gcc/nios2-elf/4.1.2/../../../../nios2-elf/lib\libc.a(lib_a-int_errno.o)
                              BSP/\libhal_bsp.a(alt_close.o) (errno)
c:/altera/13sp1/nios2eds/bin/gnu/h-i686-mingw32/bin/../lib/gcc/nios2-elf/4.1.2/../../../../nios2-elf/lib\libc.a(lib_a-memcmp.o)
                              BSP/\libhal_bsp.a(alt_find_dev.o) (memcmp)
c:/altera/13sp1/nios2eds/bin/gnu/h-i686-mingw32/bin/../lib/gcc/nios2-elf/4.1.2/../../../../nios2-elf/lib\libc.a(lib_a-strlen.o)
                              BSP/\libhal_bsp.a(alt_find_dev.o) (strlen)
c:/altera/13sp1/nios2eds/bin/gnu/h-i686-mingw32/bin/../lib/gcc/nios2-elf/4.1.2/../../../../nios2-elf/lib\libc.a(lib_a-__call_atexit.o)
                              c:/altera/13sp1/nios2eds/bin/gnu/h-i686-mingw32/bin/../lib/gcc/nios2-elf/4.1.2/../../../../nios2-elf/lib\libc.a(lib_a-exit.o) (__call_exitprocs)
BSP/\libhal_bsp.a(alt_exit.o)
                              c:/altera/13sp1/nios2eds/bin/gnu/h-i686-mingw32/bin/../lib/gcc/nios2-elf/4.1.2/../../../../nios2-elf/lib\libc.a(lib_a-exit.o) (_exit)

Allocating common symbols
Common symbol       size              file

alt_irq             0x100             BSP/\libhal_bsp.a(alt_irq_handler.o)
errno               0x4               c:/altera/13sp1/nios2eds/bin/gnu/h-i686-mingw32/bin/../lib/gcc/nios2-elf/4.1.2/../../../../nios2-elf/lib\libc.a(lib_a-int_errno.o)

Memory Configuration

Name             Origin             Length             Attributes
reset            0x00000000         0x00000020
RAM              0x00000020         0x00007fe0
*default*        0x00000000         0xffffffff

Linker script and memory map

LOAD BSP//obj/HAL/src/crt0.o
LOAD obj/default//C/Users/zs35/Desktop/lab12/Templates/main_part4.o
LOAD c:/altera/13sp1/nios2eds/bin/gnu/h-i686-mingw32/bin/../lib/gcc/nios2-elf/4.1.2/../../../../nios2-elf/lib\libstdc++.a
LOAD c:/altera/13sp1/nios2eds/bin/gnu/h-i686-mingw32/bin/../lib/gcc/nios2-elf/4.1.2/../../../../nios2-elf/lib\libm.a
LOAD c:/altera/13sp1/nios2eds/bin/gnu/h-i686-mingw32/bin/../lib/gcc/nios2-elf/4.1.2\libgcc.a
START GROUP
LOAD c:/altera/13sp1/nios2eds/bin/gnu/h-i686-mingw32/bin/../lib/gcc/nios2-elf/4.1.2/../../../../nios2-elf/lib\libc.a
LOAD c:/altera/13sp1/nios2eds/bin/gnu/h-i686-mingw32/bin/../lib/gcc/nios2-elf/4.1.2\libgcc.a
LOAD BSP/\libhal_bsp.a
END GROUP
LOAD c:/altera/13sp1/nios2eds/bin/gnu/h-i686-mingw32/bin/../lib/gcc/nios2-elf/4.1.2\libgcc.a
                0x00000000                __alt_mem_RAM = 0x0

.entry          0x00000000       0x20
 *(.entry)
 .entry         0x00000000       0x20 BSP//obj/HAL/src/crt0.o
                0x00000000                __reset

.exceptions     0x00000020      0x148
                0x00000020                PROVIDE (__ram_exceptions_start, ABSOLUTE (.))
                0x00000020                . = ALIGN (0x20)
 *(.irq)
 *(.exceptions.entry.label)
 .exceptions.entry.label
                0x00000020        0x0 BSP/\libhal_bsp.a(alt_irq_entry.o)
                0x00000020                alt_irq_entry
 .exceptions.entry.label
                0x00000020        0x0 BSP/\libhal_bsp.a(alt_exception_entry.o)
                0x00000020                alt_exception
 *(.exceptions.entry.user)
 *(.exceptions.entry)
 .exceptions.entry
                0x00000020       0x54 BSP/\libhal_bsp.a(alt_exception_entry.o)
 *(.exceptions.irqtest.user)
 *(.exceptions.irqtest)
 .exceptions.irqtest
                0x00000074       0x10 BSP/\libhal_bsp.a(alt_irq_entry.o)
 *(.exceptions.irqhandler.user)
 *(.exceptions.irqhandler)
 .exceptions.irqhandler
                0x00000084        0x4 BSP/\libhal_bsp.a(alt_irq_entry.o)
 *(.exceptions.irqreturn.user)
 *(.exceptions.irqreturn)
 .exceptions.irqreturn
                0x00000088        0x4 BSP/\libhal_bsp.a(alt_irq_entry.o)
 *(.exceptions.notirq.label)
 .exceptions.notirq.label
                0x0000008c        0x0 BSP/\libhal_bsp.a(alt_irq_entry.o)
 *(.exceptions.notirq.user)
 *(.exceptions.notirq)
 .exceptions.notirq
                0x0000008c        0x8 BSP/\libhal_bsp.a(alt_exception_entry.o)
 *(.exceptions.soft.user)
 *(.exceptions.soft)
 *(.exceptions.unknown.user)
 *(.exceptions.unknown)
 .exceptions.unknown
                0x00000094        0x4 BSP/\libhal_bsp.a(alt_exception_entry.o)
 *(.exceptions.exit.label)
 .exceptions.exit.label
                0x00000098        0x0 BSP/\libhal_bsp.a(alt_irq_entry.o)
 .exceptions.exit.label
                0x00000098        0x0 BSP/\libhal_bsp.a(alt_exception_entry.o)
 *(.exceptions.exit.user)
 *(.exceptions.exit)
 .exceptions.exit
                0x00000098       0x54 BSP/\libhal_bsp.a(alt_exception_entry.o)
 *(.exceptions)
 .exceptions    0x000000ec       0x7c BSP/\libhal_bsp.a(alt_irq_handler.o)
                0x000000ec                alt_irq_handler
                0x00000168                PROVIDE (__ram_exceptions_end, ABSOLUTE (.))
                0x00000020                PROVIDE (__flash_exceptions_start, LOADADDR (.exceptions))

.text           0x00000168      0xf88
                0x00000168                PROVIDE (stext, ABSOLUTE (.))
 *(.interp)
 *(.hash)
 *(.dynsym)
 *(.dynstr)
 *(.gnu.version)
 *(.gnu.version_d)
 *(.gnu.version_r)
 *(.rel.init)
 *(.rela.init)
 *(.rel.text .rel.text.* .rel.gnu.linkonce.t.*)
 *(.rela.text .rela.text.* .rela.gnu.linkonce.t.*)
 *(.rel.fini)
 *(.rela.fini)
 *(.rel.rodata .rel.rodata.* .rel.gnu.linkonce.r.*)
 *(.rela.rodata .rela.rodata.* .rela.gnu.linkonce.r.*)
 *(.rel.data .rel.data.* .rel.gnu.linkonce.d.*)
 *(.rela.data .rela.data.* .rela.gnu.linkonce.d.*)
 *(.rel.tdata .rel.tdata.* .rel.gnu.linkonce.td.*)
 *(.rela.tdata .rela.tdata.* .rela.gnu.linkonce.td.*)
 *(.rel.tbss .rel.tbss.* .rel.gnu.linkonce.tb.*)
 *(.rela.tbss .rela.tbss.* .rela.gnu.linkonce.tb.*)
 *(.rel.ctors)
 *(.rela.ctors)
 *(.rel.dtors)
 *(.rela.dtors)
 *(.rel.got)
 *(.rela.got)
 *(.rel.sdata .rel.sdata.* .rel.gnu.linkonce.s.*)
 *(.rela.sdata .rela.sdata.* .rela.gnu.linkonce.s.*)
 *(.rel.sbss .rel.sbss.* .rel.gnu.linkonce.sb.*)
 *(.rela.sbss .rela.sbss.* .rela.gnu.linkonce.sb.*)
 *(.rel.sdata2 .rel.sdata2.* .rel.gnu.linkonce.s2.*)
 *(.rela.sdata2 .rela.sdata2.* .rela.gnu.linkonce.s2.*)
 *(.rel.sbss2 .rel.sbss2.* .rel.gnu.linkonce.sb2.*)
 *(.rela.sbss2 .rela.sbss2.* .rela.gnu.linkonce.sb2.*)
 *(.rel.bss .rel.bss.* .rel.gnu.linkonce.b.*)
 *(.rela.bss .rela.bss.* .rela.gnu.linkonce.b.*)
 *(.rel.plt)
 *(.rela.plt)
 *(.rel.dyn)
 *(.init)
 *(.plt)
 *(.text .stub .text.* .gnu.linkonce.t.*)
 .text          0x00000168       0x3c BSP//obj/HAL/src/crt0.o
                0x00000168                _start
 .text          0x000001a4      0x104 obj/default//C/Users/zs35/Desktop/lab12/Templates/main_part4.o
                0x000001a4                main
 .text          0x000002a8       0x18 c:/altera/13sp1/nios2eds/bin/gnu/h-i686-mingw32/bin/../lib/gcc/nios2-elf/4.1.2/../../../../nios2-elf/lib\libc.a(lib_a-islower.o)
                0x000002a8                islower
 .text          0x000002c0       0x18 c:/altera/13sp1/nios2eds/bin/gnu/h-i686-mingw32/bin/../lib/gcc/nios2-elf/4.1.2/../../../../nios2-elf/lib\libc.a(lib_a-isupper.o)
                0x000002c0                isupper
 .text          0x000002d8       0x2c c:/altera/13sp1/nios2eds/bin/gnu/h-i686-mingw32/bin/../lib/gcc/nios2-elf/4.1.2/../../../../nios2-elf/lib\libc.a(lib_a-tolower.o)
                0x000002d8                tolower
 .text          0x00000304       0x28 c:/altera/13sp1/nios2eds/bin/gnu/h-i686-mingw32/bin/../lib/gcc/nios2-elf/4.1.2/../../../../nios2-elf/lib\libc.a(lib_a-toupper.o)
                0x00000304                toupper
 .text          0x0000032c        0x0 c:/altera/13sp1/nios2eds/bin/gnu/h-i686-mingw32/bin/../lib/gcc/nios2-elf/4.1.2/../../../../nios2-elf/lib\libc.a(lib_a-ctype_.o)
 .text          0x0000032c       0xc4 BSP/\libhal_bsp.a(alt_load.o)
                0x0000032c                alt_load
 .text          0x000003f0       0x3c BSP/\libhal_bsp.a(alt_main.o)
                0x000003f0                alt_main
 .text          0x0000042c       0x8c BSP/\libhal_bsp.a(alt_sys_init.o)
                0x0000042c                alt_irq_init
                0x0000044c                alt_sys_init
 .text          0x000004b8       0x80 BSP/\libhal_bsp.a(altera_avalon_timer_sc.o)
                0x000004b8                alt_avalon_timer_sc_init
 .text          0x00000538      0x30c BSP/\libhal_bsp.a(altera_up_avalon_character_lcd.o)
                0x00000538                get_DDRAM_addr
                0x00000554                alt_up_character_lcd_string
                0x000005a0                alt_up_character_lcd_write
                0x000005cc                alt_up_character_lcd_write_fd
                0x000005ec                alt_up_character_lcd_init
                0x000005fc                alt_up_character_lcd_send_cmd
                0x0000060c                alt_up_character_lcd_cursor_blink_on
                0x00000628                alt_up_character_lcd_cursor_off
                0x00000644                alt_up_character_lcd_erase_pos
                0x000006b0                alt_up_character_lcd_shift_display
                0x00000740                alt_up_character_lcd_shift_cursor
                0x000007d0                alt_up_character_lcd_set_cursor_pos
                0x00000824                alt_up_character_lcd_open_dev
 .text          0x00000844      0x1d4 BSP/\libhal_bsp.a(altera_up_avalon_rs232.o)
                0x00000844                alt_up_rs232_check_parity
                0x00000850                alt_up_rs232_open_dev
                0x00000870                alt_up_rs232_read_data
                0x000008bc                alt_up_rs232_read_fd
                0x0000093c                alt_up_rs232_get_available_space_in_write_FIFO
                0x0000094c                alt_up_rs232_write_data
                0x00000964                alt_up_rs232_write_fd
                0x000009d4                alt_up_rs232_disable_read_interrupt
                0x000009f0                alt_up_rs232_enable_read_interrupt
                0x00000a08                alt_up_rs232_get_used_space_in_read_FIFO
 .text          0x00000a18       0xdc BSP/\libhal_bsp.a(alt_close.o)
                0x00000a18                close
 .text          0x00000af4        0x4 BSP/\libhal_bsp.a(alt_dcache_flush_all.o)
                0x00000af4                alt_dcache_flush_all
 .text          0x00000af8        0x8 BSP/\libhal_bsp.a(alt_dev.o)
 .text          0x00000b00       0x70 BSP/\libhal_bsp.a(alt_dev_llist_insert.o)
                0x00000b00                alt_dev_llist_insert
 .text          0x00000b70        0x0 BSP/\libhal_bsp.a(alt_errno.o)
 .text          0x00000b70       0x70 BSP/\libhal_bsp.a(alt_find_dev.o)
                0x00000b70                alt_find_dev
 .text          0x00000be0       0x20 BSP/\libhal_bsp.a(alt_icache_flush_all.o)
                0x00000be0                alt_icache_flush_all
 .text          0x00000c00       0xbc BSP/\libhal_bsp.a(alt_irq_register.o)
                0x00000c00                alt_irq_register
 .text          0x00000cbc        0x0 BSP/\libhal_bsp.a(alt_irq_vars.o)
 .text          0x00000cbc       0x24 BSP/\libhal_bsp.a(alt_release_fd.o)
                0x00000cbc                alt_release_fd
 .text          0x00000ce0       0xe0 BSP/\libhal_bsp.a(alt_tick.o)
                0x00000ce0                alt_alarm_stop
                0x00000d14                alt_tick
 .text          0x00000dc0        0x8 BSP/\libhal_bsp.a(altera_nios2_qsys_irq.o)
                0x00000dc0                altera_nios2_qsys_irq_init
 .text          0x00000dc8       0x3c BSP/\libhal_bsp.a(alt_icache_flush.o)
                0x00000dc8                alt_icache_flush
 .text          0x00000e04        0x0 BSP/\libhal_bsp.a(alt_irq_entry.o)
 .text          0x00000e04        0x0 BSP/\libhal_bsp.a(alt_irq_handler.o)
 .text          0x00000e04        0x0 BSP/\libhal_bsp.a(alt_exception_entry.o)
 .text          0x00000e04       0x38 c:/altera/13sp1/nios2eds/bin/gnu/h-i686-mingw32/bin/../lib/gcc/nios2-elf/4.1.2/../../../../nios2-elf/lib\libc.a(lib_a-exit.o)
                0x00000e04                exit
 .text          0x00000e3c        0x0 c:/altera/13sp1/nios2eds/bin/gnu/h-i686-mingw32/bin/../lib/gcc/nios2-elf/4.1.2/../../../../nios2-elf/lib\libc.a(lib_a-impure.o)
 .text          0x00000e3c        0x0 c:/altera/13sp1/nios2eds/bin/gnu/h-i686-mingw32/bin/../lib/gcc/nios2-elf/4.1.2/../../../../nios2-elf/lib\libc.a(lib_a-int_errno.o)
 .text          0x00000e3c       0x74 c:/altera/13sp1/nios2eds/bin/gnu/h-i686-mingw32/bin/../lib/gcc/nios2-elf/4.1.2/../../../../nios2-elf/lib\libc.a(lib_a-memcmp.o)
                0x00000e3c                memcmp
 .text          0x00000eb0       0x74 c:/altera/13sp1/nios2eds/bin/gnu/h-i686-mingw32/bin/../lib/gcc/nios2-elf/4.1.2/../../../../nios2-elf/lib\libc.a(lib_a-strlen.o)
                0x00000eb0                strlen
 .text          0x00000f24      0x1b4 c:/altera/13sp1/nios2eds/bin/gnu/h-i686-mingw32/bin/../lib/gcc/nios2-elf/4.1.2/../../../../nios2-elf/lib\libc.a(lib_a-__call_atexit.o)
                0x00000f28                __call_exitprocs
 .text          0x000010d8       0x14 BSP/\libhal_bsp.a(alt_exit.o)
                0x000010d8                _exit
 *(.gnu.warning.*)
 *(.fini)
                0x000010ec                PROVIDE (__etext, ABSOLUTE (.))
                0x000010ec                PROVIDE (_etext, ABSOLUTE (.))
                0x000010ec                PROVIDE (etext, ABSOLUTE (.))
 *(.eh_frame_hdr)
                0x000010ec                . = ALIGN (0x4)
                0x000010ec                PROVIDE (__preinit_array_start, ABSOLUTE (.))
 *(.preinit_array)
                0x000010ec                PROVIDE (__preinit_array_end, ABSOLUTE (.))
                0x000010ec                PROVIDE (__init_array_start, ABSOLUTE (.))
 *(.init_array)
                0x000010ec                PROVIDE (__init_array_end, ABSOLUTE (.))
                0x000010ec                PROVIDE (__fini_array_start, ABSOLUTE (.))
 *(.fini_array)
                0x000010ec                PROVIDE (__fini_array_end, ABSOLUTE (.))
 *(.eh_frame)
 *(.gcc_except_table)
 *(.dynamic)
                0x000010ec                PROVIDE (__CTOR_LIST__, ABSOLUTE (.))
 *(.ctors)
 *(SORT(.ctors.*))
 .ctors.65535   0x000010ec        0x4 c:/altera/13sp1/nios2eds/bin/gnu/h-i686-mingw32/bin/../lib/gcc/nios2-elf/4.1.2/../../../../nios2-elf/lib\libc.a(lib_a-__call_atexit.o)
                0x000010f0                PROVIDE (__CTOR_END__, ABSOLUTE (.))
                0x000010f0                PROVIDE (__DTOR_LIST__, ABSOLUTE (.))
 *(.dtors)
 *(SORT(.dtors.*))
                0x000010f0                PROVIDE (__DTOR_END__, ABSOLUTE (.))
 *(.jcr)
                0x000010f0                . = ALIGN (0x4)

.rodata         0x000010f0      0x2a8
                0x000010f0                PROVIDE (__ram_rodata_start, ABSOLUTE (.))
                0x000010f0                . = ALIGN (0x4)
 *(.rodata .rodata.* .gnu.linkonce.r.*)
 .rodata.str1.4
                0x000010f0       0x16 obj/default//C/Users/zs35/Desktop/lab12/Templates/main_part4.o
                                 0x18 (size before relaxing)
 .rodata        0x00001106      0x281 c:/altera/13sp1/nios2eds/bin/gnu/h-i686-mingw32/bin/../lib/gcc/nios2-elf/4.1.2/../../../../nios2-elf/lib\libc.a(lib_a-ctype_.o)
                0x00001106                _ctype_
 .rodata.str1.4
                0x00000000       0x18 BSP/\libhal_bsp.a(alt_sys_init.o)
 *fill*         0x00001387        0x1 00
 .rodata.str1.4
                0x00001388        0xa BSP/\libhal_bsp.a(alt_dev.o)
                                  0xc (size before relaxing)
 *fill*         0x00001392        0x2 00
 .rodata.str1.4
                0x00001394        0x4 c:/altera/13sp1/nios2eds/bin/gnu/h-i686-mingw32/bin/../lib/gcc/nios2-elf/4.1.2/../../../../nios2-elf/lib\libc.a(lib_a-impure.o)
 *(.rodata1)
                0x00001398                . = ALIGN (0x4)
                0x00001398                PROVIDE (__ram_rodata_end, ABSOLUTE (.))
                0x000010f0                PROVIDE (__flash_rodata_start, LOADADDR (.rodata))

.rwdata         0x00001398      0x630 load address 0x000019c8
                0x00001398                PROVIDE (__ram_rwdata_start, ABSOLUTE (.))
                0x00001398                . = ALIGN (0x4)
 *(.got.plt)
 *(.got)
 *(.data1)
 *(.data .data.* .gnu.linkonce.d.*)
 .data          0x00001398        0x0 BSP//obj/HAL/src/crt0.o
 .data          0x00001398        0x0 obj/default//C/Users/zs35/Desktop/lab12/Templates/main_part4.o
 .data          0x00001398        0x0 c:/altera/13sp1/nios2eds/bin/gnu/h-i686-mingw32/bin/../lib/gcc/nios2-elf/4.1.2/../../../../nios2-elf/lib\libc.a(lib_a-islower.o)
 .data          0x00001398        0x0 c:/altera/13sp1/nios2eds/bin/gnu/h-i686-mingw32/bin/../lib/gcc/nios2-elf/4.1.2/../../../../nios2-elf/lib\libc.a(lib_a-isupper.o)
 .data          0x00001398        0x0 c:/altera/13sp1/nios2eds/bin/gnu/h-i686-mingw32/bin/../lib/gcc/nios2-elf/4.1.2/../../../../nios2-elf/lib\libc.a(lib_a-tolower.o)
 .data          0x00001398        0x0 c:/altera/13sp1/nios2eds/bin/gnu/h-i686-mingw32/bin/../lib/gcc/nios2-elf/4.1.2/../../../../nios2-elf/lib\libc.a(lib_a-toupper.o)
 .data          0x00001398        0x0 c:/altera/13sp1/nios2eds/bin/gnu/h-i686-mingw32/bin/../lib/gcc/nios2-elf/4.1.2/../../../../nios2-elf/lib\libc.a(lib_a-ctype_.o)
 .data          0x00001398        0x0 BSP/\libhal_bsp.a(alt_load.o)
 .data          0x00001398        0x0 BSP/\libhal_bsp.a(alt_main.o)
 .data          0x00001398       0x58 BSP/\libhal_bsp.a(alt_sys_init.o)
 .data          0x000013f0        0x0 BSP/\libhal_bsp.a(altera_avalon_timer_sc.o)
 .data          0x000013f0        0x0 BSP/\libhal_bsp.a(altera_up_avalon_character_lcd.o)
 .data          0x000013f0        0x0 BSP/\libhal_bsp.a(altera_up_avalon_rs232.o)
 .data          0x000013f0        0x0 BSP/\libhal_bsp.a(alt_close.o)
 .data          0x000013f0        0x0 BSP/\libhal_bsp.a(alt_dcache_flush_all.o)
 .data          0x000013f0      0x1a8 BSP/\libhal_bsp.a(alt_dev.o)
                0x000013f0                alt_dev_null
                0x00001418                alt_fd_list
 .data          0x00001598        0x0 BSP/\libhal_bsp.a(alt_dev_llist_insert.o)
 .data          0x00001598        0x0 BSP/\libhal_bsp.a(alt_errno.o)
 .data          0x00001598        0x0 BSP/\libhal_bsp.a(alt_find_dev.o)
 .data          0x00001598        0x0 BSP/\libhal_bsp.a(alt_icache_flush_all.o)
 .data          0x00001598        0x0 BSP/\libhal_bsp.a(alt_irq_register.o)
 .data          0x00001598        0x0 BSP/\libhal_bsp.a(alt_irq_vars.o)
 .data          0x00001598        0x0 BSP/\libhal_bsp.a(alt_release_fd.o)
 .data          0x00001598        0x0 BSP/\libhal_bsp.a(alt_tick.o)
 .data          0x00001598        0x0 BSP/\libhal_bsp.a(altera_nios2_qsys_irq.o)
 .data          0x00001598        0x0 BSP/\libhal_bsp.a(alt_icache_flush.o)
 .data          0x00001598        0x0 BSP/\libhal_bsp.a(alt_irq_entry.o)
 .data          0x00001598        0x0 BSP/\libhal_bsp.a(alt_irq_handler.o)
 .data          0x00001598        0x0 BSP/\libhal_bsp.a(alt_exception_entry.o)
 .data          0x00001598        0x0 c:/altera/13sp1/nios2eds/bin/gnu/h-i686-mingw32/bin/../lib/gcc/nios2-elf/4.1.2/../../../../nios2-elf/lib\libc.a(lib_a-exit.o)
 .data          0x00001598      0x400 c:/altera/13sp1/nios2eds/bin/gnu/h-i686-mingw32/bin/../lib/gcc/nios2-elf/4.1.2/../../../../nios2-elf/lib\libc.a(lib_a-impure.o)
 .data          0x00001998        0x0 c:/altera/13sp1/nios2eds/bin/gnu/h-i686-mingw32/bin/../lib/gcc/nios2-elf/4.1.2/../../../../nios2-elf/lib\libc.a(lib_a-int_errno.o)
 .data          0x00001998        0x0 c:/altera/13sp1/nios2eds/bin/gnu/h-i686-mingw32/bin/../lib/gcc/nios2-elf/4.1.2/../../../../nios2-elf/lib\libc.a(lib_a-memcmp.o)
 .data          0x00001998        0x0 c:/altera/13sp1/nios2eds/bin/gnu/h-i686-mingw32/bin/../lib/gcc/nios2-elf/4.1.2/../../../../nios2-elf/lib\libc.a(lib_a-strlen.o)
 .data          0x00001998        0x0 c:/altera/13sp1/nios2eds/bin/gnu/h-i686-mingw32/bin/../lib/gcc/nios2-elf/4.1.2/../../../../nios2-elf/lib\libc.a(lib_a-__call_atexit.o)
 .data          0x00001998        0x0 BSP/\libhal_bsp.a(alt_exit.o)
                0x00009998                _gp = ABSOLUTE ((. + 0x8000))
                0x00009998                PROVIDE (gp, _gp)
 *(.rwdata .rwdata.*)
 *(.sdata .sdata.* .gnu.linkonce.s.*)
 .sdata         0x00001998        0x4 c:/altera/13sp1/nios2eds/bin/gnu/h-i686-mingw32/bin/../lib/gcc/nios2-elf/4.1.2/../../../../nios2-elf/lib\libc.a(lib_a-ctype_.o)
                0x00001998                __ctype_ptr
 .sdata         0x0000199c       0x14 BSP/\libhal_bsp.a(alt_dev.o)
                0x0000199c                alt_fs_list
                0x000019a4                alt_dev_list
                0x000019ac                alt_max_fd
 .sdata         0x000019b0        0x4 BSP/\libhal_bsp.a(alt_errno.o)
                0x000019b0                alt_errno
 .sdata         0x000019b4        0x4 BSP/\libhal_bsp.a(alt_irq_vars.o)
                0x000019b4                alt_priority_mask
 .sdata         0x000019b8        0x8 BSP/\libhal_bsp.a(alt_tick.o)
                0x000019b8                alt_alarm_list
 .sdata         0x000019c0        0x8 c:/altera/13sp1/nios2eds/bin/gnu/h-i686-mingw32/bin/../lib/gcc/nios2-elf/4.1.2/../../../../nios2-elf/lib\libc.a(lib_a-impure.o)
                0x000019c0                _impure_ptr
                0x000019c4                _global_impure_ptr
 *(.sdata2 .sdata2.* .gnu.linkonce.s2.*)
                0x000019c8                . = ALIGN (0x4)
                0x000019c8                _edata = ABSOLUTE (.)
                0x000019c8                PROVIDE (edata, ABSOLUTE (.))
                0x000019c8                PROVIDE (__ram_rwdata_end, ABSOLUTE (.))
                0x000019c8                PROVIDE (__flash_rwdata_start, LOADADDR (.rwdata))

.bss            0x00001ff8      0x11c
                0x00001ff8                __bss_start = ABSOLUTE (.)
                0x00001ff8                PROVIDE (__sbss_start, ABSOLUTE (.))
                0x00001ff8                PROVIDE (___sbss_start, ABSOLUTE (.))
 *(.dynsbss)
 *(.sbss .sbss.* .gnu.linkonce.sb.*)
 .sbss          0x00001ff8        0xc BSP/\libhal_bsp.a(alt_main.o)
                0x00001ff8                alt_argc
                0x00001ffc                alt_argv
                0x00002000                alt_envp
 .sbss          0x00002004        0x4 BSP/\libhal_bsp.a(alt_irq_vars.o)
                0x00002004                alt_irq_active
 .sbss          0x00002008        0x8 BSP/\libhal_bsp.a(alt_tick.o)
                0x00002008                _alt_tick_rate
                0x0000200c                _alt_nticks
 .sbss          0x00002010        0x4 c:/altera/13sp1/nios2eds/bin/gnu/h-i686-mingw32/bin/../lib/gcc/nios2-elf/4.1.2/../../../../nios2-elf/lib\libc.a(lib_a-int_errno.o)
                0x00002010                errno
 *(.sbss2 .sbss2.* .gnu.linkonce.sb2.*)
 *(.scommon)
                0x00002014                PROVIDE (__sbss_end, ABSOLUTE (.))
                0x00002014                PROVIDE (___sbss_end, ABSOLUTE (.))
 *(.dynbss)
 *(.bss .bss.* .gnu.linkonce.b.*)
 .bss           0x00002014        0x0 BSP//obj/HAL/src/crt0.o
 .bss           0x00002014        0x0 obj/default//C/Users/zs35/Desktop/lab12/Templates/main_part4.o
 .bss           0x00002014        0x0 c:/altera/13sp1/nios2eds/bin/gnu/h-i686-mingw32/bin/../lib/gcc/nios2-elf/4.1.2/../../../../nios2-elf/lib\libc.a(lib_a-islower.o)
 .bss           0x00002014        0x0 c:/altera/13sp1/nios2eds/bin/gnu/h-i686-mingw32/bin/../lib/gcc/nios2-elf/4.1.2/../../../../nios2-elf/lib\libc.a(lib_a-isupper.o)
 .bss           0x00002014        0x0 c:/altera/13sp1/nios2eds/bin/gnu/h-i686-mingw32/bin/../lib/gcc/nios2-elf/4.1.2/../../../../nios2-elf/lib\libc.a(lib_a-tolower.o)
 .bss           0x00002014        0x0 c:/altera/13sp1/nios2eds/bin/gnu/h-i686-mingw32/bin/../lib/gcc/nios2-elf/4.1.2/../../../../nios2-elf/lib\libc.a(lib_a-toupper.o)
 .bss           0x00002014        0x0 c:/altera/13sp1/nios2eds/bin/gnu/h-i686-mingw32/bin/../lib/gcc/nios2-elf/4.1.2/../../../../nios2-elf/lib\libc.a(lib_a-ctype_.o)
 .bss           0x00002014        0x0 BSP/\libhal_bsp.a(alt_load.o)
 .bss           0x00002014        0x0 BSP/\libhal_bsp.a(alt_main.o)
 .bss           0x00002014        0x0 BSP/\libhal_bsp.a(alt_sys_init.o)
 .bss           0x00002014        0x0 BSP/\libhal_bsp.a(altera_avalon_timer_sc.o)
 .bss           0x00002014        0x0 BSP/\libhal_bsp.a(altera_up_avalon_character_lcd.o)
 .bss           0x00002014        0x0 BSP/\libhal_bsp.a(altera_up_avalon_rs232.o)
 .bss           0x00002014        0x0 BSP/\libhal_bsp.a(alt_close.o)
 .bss           0x00002014        0x0 BSP/\libhal_bsp.a(alt_dcache_flush_all.o)
 .bss           0x00002014        0x0 BSP/\libhal_bsp.a(alt_dev.o)
 .bss           0x00002014        0x0 BSP/\libhal_bsp.a(alt_dev_llist_insert.o)
 .bss           0x00002014        0x0 BSP/\libhal_bsp.a(alt_errno.o)
 .bss           0x00002014        0x0 BSP/\libhal_bsp.a(alt_find_dev.o)
 .bss           0x00002014        0x0 BSP/\libhal_bsp.a(alt_icache_flush_all.o)
 .bss           0x00002014        0x0 BSP/\libhal_bsp.a(alt_irq_register.o)
 .bss           0x00002014        0x0 BSP/\libhal_bsp.a(alt_irq_vars.o)
 .bss           0x00002014        0x0 BSP/\libhal_bsp.a(alt_release_fd.o)
 .bss           0x00002014        0x0 BSP/\libhal_bsp.a(alt_tick.o)
 .bss           0x00002014        0x0 BSP/\libhal_bsp.a(altera_nios2_qsys_irq.o)
 .bss           0x00002014        0x0 BSP/\libhal_bsp.a(alt_icache_flush.o)
 .bss           0x00002014        0x0 BSP/\libhal_bsp.a(alt_irq_entry.o)
 .bss           0x00002014        0x0 BSP/\libhal_bsp.a(alt_irq_handler.o)
 .bss           0x00002014        0x0 BSP/\libhal_bsp.a(alt_exception_entry.o)
 .bss           0x00002014        0x0 c:/altera/13sp1/nios2eds/bin/gnu/h-i686-mingw32/bin/../lib/gcc/nios2-elf/4.1.2/../../../../nios2-elf/lib\libc.a(lib_a-exit.o)
 .bss           0x00002014        0x0 c:/altera/13sp1/nios2eds/bin/gnu/h-i686-mingw32/bin/../lib/gcc/nios2-elf/4.1.2/../../../../nios2-elf/lib\libc.a(lib_a-impure.o)
 .bss           0x00002014        0x0 c:/altera/13sp1/nios2eds/bin/gnu/h-i686-mingw32/bin/../lib/gcc/nios2-elf/4.1.2/../../../../nios2-elf/lib\libc.a(lib_a-int_errno.o)
 .bss           0x00002014        0x0 c:/altera/13sp1/nios2eds/bin/gnu/h-i686-mingw32/bin/../lib/gcc/nios2-elf/4.1.2/../../../../nios2-elf/lib\libc.a(lib_a-memcmp.o)
 .bss           0x00002014        0x0 c:/altera/13sp1/nios2eds/bin/gnu/h-i686-mingw32/bin/../lib/gcc/nios2-elf/4.1.2/../../../../nios2-elf/lib\libc.a(lib_a-strlen.o)
 .bss           0x00002014        0x0 c:/altera/13sp1/nios2eds/bin/gnu/h-i686-mingw32/bin/../lib/gcc/nios2-elf/4.1.2/../../../../nios2-elf/lib\libc.a(lib_a-__call_atexit.o)
 .bss           0x00002014        0x0 BSP/\libhal_bsp.a(alt_exit.o)
 *(COMMON)
 COMMON         0x00002014      0x100 BSP/\libhal_bsp.a(alt_irq_handler.o)
                0x00002014                alt_irq
                0x00002114                . = ALIGN (0x4)
                0x00002114                __bss_end = ABSOLUTE (.)

.RAM            0x00002114        0x0
                0x00002114                PROVIDE (_alt_partition_RAM_start, ABSOLUTE (.))
 *(.RAM. RAM.*)
                0x00002114                . = ALIGN (0x4)
                0x00002114                PROVIDE (_alt_partition_RAM_end, ABSOLUTE (.))
                0x00002114                _end = ABSOLUTE (.)
                0x00002114                end = ABSOLUTE (.)
                0x00002114                __alt_stack_base = ABSOLUTE (.)
                0x00002114                PROVIDE (_alt_partition_RAM_load_addr, LOADADDR (.RAM))

.stab
 *(.stab)

.stabstr
 *(.stabstr)

.stab.excl
 *(.stab.excl)

.stab.exclstr
 *(.stab.exclstr)

.stab.index
 *(.stab.index)

.stab.indexstr
 *(.stab.indexstr)

.comment        0x00000000       0x26
 *(.comment)
 .comment       0x00000000       0x26 obj/default//C/Users/zs35/Desktop/lab12/Templates/main_part4.o
                                 0x27 (size before relaxing)
 .comment       0x00000000       0x27 c:/altera/13sp1/nios2eds/bin/gnu/h-i686-mingw32/bin/../lib/gcc/nios2-elf/4.1.2/../../../../nios2-elf/lib\libc.a(lib_a-islower.o)
 .comment       0x00000000       0x27 c:/altera/13sp1/nios2eds/bin/gnu/h-i686-mingw32/bin/../lib/gcc/nios2-elf/4.1.2/../../../../nios2-elf/lib\libc.a(lib_a-isupper.o)
 .comment       0x00000000       0x27 c:/altera/13sp1/nios2eds/bin/gnu/h-i686-mingw32/bin/../lib/gcc/nios2-elf/4.1.2/../../../../nios2-elf/lib\libc.a(lib_a-tolower.o)
 .comment       0x00000000       0x27 c:/altera/13sp1/nios2eds/bin/gnu/h-i686-mingw32/bin/../lib/gcc/nios2-elf/4.1.2/../../../../nios2-elf/lib\libc.a(lib_a-toupper.o)
 .comment       0x00000000       0x27 c:/altera/13sp1/nios2eds/bin/gnu/h-i686-mingw32/bin/../lib/gcc/nios2-elf/4.1.2/../../../../nios2-elf/lib\libc.a(lib_a-ctype_.o)
 .comment       0x00000000       0x27 BSP/\libhal_bsp.a(alt_load.o)
 .comment       0x00000000       0x27 BSP/\libhal_bsp.a(alt_main.o)
 .comment       0x00000000       0x27 BSP/\libhal_bsp.a(alt_sys_init.o)
 .comment       0x00000000       0x27 BSP/\libhal_bsp.a(altera_avalon_timer_sc.o)
 .comment       0x00000000       0x27 BSP/\libhal_bsp.a(altera_up_avalon_character_lcd.o)
 .comment       0x00000000       0x27 BSP/\libhal_bsp.a(altera_up_avalon_rs232.o)
 .comment       0x00000000       0x27 BSP/\libhal_bsp.a(alt_close.o)
 .comment       0x00000000       0x27 BSP/\libhal_bsp.a(alt_dcache_flush_all.o)
 .comment       0x00000000       0x27 BSP/\libhal_bsp.a(alt_dev.o)
 .comment       0x00000000       0x27 BSP/\libhal_bsp.a(alt_dev_llist_insert.o)
 .comment       0x00000000       0x27 BSP/\libhal_bsp.a(alt_errno.o)
 .comment       0x00000000       0x27 BSP/\libhal_bsp.a(alt_find_dev.o)
 .comment       0x00000000       0x27 BSP/\libhal_bsp.a(alt_icache_flush_all.o)
 .comment       0x00000000       0x27 BSP/\libhal_bsp.a(alt_irq_register.o)
 .comment       0x00000000       0x27 BSP/\libhal_bsp.a(alt_irq_vars.o)
 .comment       0x00000000       0x27 BSP/\libhal_bsp.a(alt_release_fd.o)
 .comment       0x00000000       0x27 BSP/\libhal_bsp.a(alt_tick.o)
 .comment       0x00000000       0x27 BSP/\libhal_bsp.a(altera_nios2_qsys_irq.o)
 .comment       0x00000000       0x27 BSP/\libhal_bsp.a(alt_icache_flush.o)
 .comment       0x00000000       0x27 BSP/\libhal_bsp.a(alt_irq_handler.o)
 .comment       0x00000000       0x27 c:/altera/13sp1/nios2eds/bin/gnu/h-i686-mingw32/bin/../lib/gcc/nios2-elf/4.1.2/../../../../nios2-elf/lib\libc.a(lib_a-exit.o)
 .comment       0x00000000       0x27 c:/altera/13sp1/nios2eds/bin/gnu/h-i686-mingw32/bin/../lib/gcc/nios2-elf/4.1.2/../../../../nios2-elf/lib\libc.a(lib_a-impure.o)
 .comment       0x00000000       0x27 c:/altera/13sp1/nios2eds/bin/gnu/h-i686-mingw32/bin/../lib/gcc/nios2-elf/4.1.2/../../../../nios2-elf/lib\libc.a(lib_a-int_errno.o)
 .comment       0x00000000       0x27 c:/altera/13sp1/nios2eds/bin/gnu/h-i686-mingw32/bin/../lib/gcc/nios2-elf/4.1.2/../../../../nios2-elf/lib\libc.a(lib_a-memcmp.o)
 .comment       0x00000000       0x27 c:/altera/13sp1/nios2eds/bin/gnu/h-i686-mingw32/bin/../lib/gcc/nios2-elf/4.1.2/../../../../nios2-elf/lib\libc.a(lib_a-strlen.o)
 .comment       0x00000000       0x27 c:/altera/13sp1/nios2eds/bin/gnu/h-i686-mingw32/bin/../lib/gcc/nios2-elf/4.1.2/../../../../nios2-elf/lib\libc.a(lib_a-__call_atexit.o)
 .comment       0x00000000       0x27 BSP/\libhal_bsp.a(alt_exit.o)

.debug
 *(.debug)

.line
 *(.line)

.debug_srcinfo
 *(.debug_srcinfo)

.debug_sfnames
 *(.debug_sfnames)

.debug_aranges  0x00000000      0x418
 *(.debug_aranges)
 .debug_aranges
                0x00000000       0x28 BSP//obj/HAL/src/crt0.o
 .debug_aranges
                0x00000028       0x20 obj/default//C/Users/zs35/Desktop/lab12/Templates/main_part4.o
 .debug_aranges
                0x00000048       0x20 c:/altera/13sp1/nios2eds/bin/gnu/h-i686-mingw32/bin/../lib/gcc/nios2-elf/4.1.2/../../../../nios2-elf/lib\libc.a(lib_a-islower.o)
 .debug_aranges
                0x00000068       0x20 c:/altera/13sp1/nios2eds/bin/gnu/h-i686-mingw32/bin/../lib/gcc/nios2-elf/4.1.2/../../../../nios2-elf/lib\libc.a(lib_a-isupper.o)
 .debug_aranges
                0x00000088       0x20 c:/altera/13sp1/nios2eds/bin/gnu/h-i686-mingw32/bin/../lib/gcc/nios2-elf/4.1.2/../../../../nios2-elf/lib\libc.a(lib_a-tolower.o)
 .debug_aranges
                0x000000a8       0x20 c:/altera/13sp1/nios2eds/bin/gnu/h-i686-mingw32/bin/../lib/gcc/nios2-elf/4.1.2/../../../../nios2-elf/lib\libc.a(lib_a-toupper.o)
 .debug_aranges
                0x000000c8       0x20 BSP/\libhal_bsp.a(alt_load.o)
 .debug_aranges
                0x000000e8       0x20 BSP/\libhal_bsp.a(alt_main.o)
 .debug_aranges
                0x00000108       0x20 BSP/\libhal_bsp.a(alt_sys_init.o)
 .debug_aranges
                0x00000128       0x20 BSP/\libhal_bsp.a(altera_avalon_timer_sc.o)
 .debug_aranges
                0x00000148       0x20 BSP/\libhal_bsp.a(altera_up_avalon_character_lcd.o)
 .debug_aranges
                0x00000168       0x20 BSP/\libhal_bsp.a(altera_up_avalon_rs232.o)
 .debug_aranges
                0x00000188       0x20 BSP/\libhal_bsp.a(alt_close.o)
 .debug_aranges
                0x000001a8       0x20 BSP/\libhal_bsp.a(alt_dcache_flush_all.o)
 .debug_aranges
                0x000001c8       0x20 BSP/\libhal_bsp.a(alt_dev.o)
 .debug_aranges
                0x000001e8       0x20 BSP/\libhal_bsp.a(alt_dev_llist_insert.o)
 .debug_aranges
                0x00000208       0x20 BSP/\libhal_bsp.a(alt_find_dev.o)
 .debug_aranges
                0x00000228       0x20 BSP/\libhal_bsp.a(alt_icache_flush_all.o)
 .debug_aranges
                0x00000248       0x20 BSP/\libhal_bsp.a(alt_irq_register.o)
 .debug_aranges
                0x00000268       0x20 BSP/\libhal_bsp.a(alt_release_fd.o)
 .debug_aranges
                0x00000288       0x20 BSP/\libhal_bsp.a(alt_tick.o)
 .debug_aranges
                0x000002a8       0x20 BSP/\libhal_bsp.a(altera_nios2_qsys_irq.o)
 .debug_aranges
                0x000002c8       0x20 BSP/\libhal_bsp.a(alt_icache_flush.o)
 .debug_aranges
                0x000002e8       0x30 BSP/\libhal_bsp.a(alt_irq_entry.o)
 .debug_aranges
                0x00000318       0x28 BSP/\libhal_bsp.a(alt_irq_handler.o)
 .debug_aranges
                0x00000340       0x38 BSP/\libhal_bsp.a(alt_exception_entry.o)
 .debug_aranges
                0x00000378       0x20 c:/altera/13sp1/nios2eds/bin/gnu/h-i686-mingw32/bin/../lib/gcc/nios2-elf/4.1.2/../../../../nios2-elf/lib\libc.a(lib_a-exit.o)
 .debug_aranges
                0x00000398       0x20 c:/altera/13sp1/nios2eds/bin/gnu/h-i686-mingw32/bin/../lib/gcc/nios2-elf/4.1.2/../../../../nios2-elf/lib\libc.a(lib_a-memcmp.o)
 .debug_aranges
                0x000003b8       0x20 c:/altera/13sp1/nios2eds/bin/gnu/h-i686-mingw32/bin/../lib/gcc/nios2-elf/4.1.2/../../../../nios2-elf/lib\libc.a(lib_a-strlen.o)
 .debug_aranges
                0x000003d8       0x20 c:/altera/13sp1/nios2eds/bin/gnu/h-i686-mingw32/bin/../lib/gcc/nios2-elf/4.1.2/../../../../nios2-elf/lib\libc.a(lib_a-__call_atexit.o)
 .debug_aranges
                0x000003f8       0x20 BSP/\libhal_bsp.a(alt_exit.o)

.debug_pubnames
                0x00000000      0x862
 *(.debug_pubnames)
 .debug_pubnames
                0x00000000       0x1b obj/default//C/Users/zs35/Desktop/lab12/Templates/main_part4.o
 .debug_pubnames
                0x0000001b       0x1e c:/altera/13sp1/nios2eds/bin/gnu/h-i686-mingw32/bin/../lib/gcc/nios2-elf/4.1.2/../../../../nios2-elf/lib\libc.a(lib_a-islower.o)
 .debug_pubnames
                0x00000039       0x1e c:/altera/13sp1/nios2eds/bin/gnu/h-i686-mingw32/bin/../lib/gcc/nios2-elf/4.1.2/../../../../nios2-elf/lib\libc.a(lib_a-isupper.o)
 .debug_pubnames
                0x00000057       0x1e c:/altera/13sp1/nios2eds/bin/gnu/h-i686-mingw32/bin/../lib/gcc/nios2-elf/4.1.2/../../../../nios2-elf/lib\libc.a(lib_a-tolower.o)
 .debug_pubnames
                0x00000075       0x1e c:/altera/13sp1/nios2eds/bin/gnu/h-i686-mingw32/bin/../lib/gcc/nios2-elf/4.1.2/../../../../nios2-elf/lib\libc.a(lib_a-toupper.o)
 .debug_pubnames
                0x00000093       0x2e c:/altera/13sp1/nios2eds/bin/gnu/h-i686-mingw32/bin/../lib/gcc/nios2-elf/4.1.2/../../../../nios2-elf/lib\libc.a(lib_a-ctype_.o)
 .debug_pubnames
                0x000000c1       0x1f BSP/\libhal_bsp.a(alt_load.o)
 .debug_pubnames
                0x000000e0       0x46 BSP/\libhal_bsp.a(alt_main.o)
 .debug_pubnames
                0x00000126       0x34 BSP/\libhal_bsp.a(alt_sys_init.o)
 .debug_pubnames
                0x0000015a       0x2f BSP/\libhal_bsp.a(altera_avalon_timer_sc.o)
 .debug_pubnames
                0x00000189      0x1cd BSP/\libhal_bsp.a(altera_up_avalon_character_lcd.o)
 .debug_pubnames
                0x00000356      0x163 BSP/\libhal_bsp.a(altera_up_avalon_rs232.o)
 .debug_pubnames
                0x000004b9       0x1c BSP/\libhal_bsp.a(alt_close.o)
 .debug_pubnames
                0x000004d5       0x2b BSP/\libhal_bsp.a(alt_dcache_flush_all.o)
 .debug_pubnames
                0x00000500       0x63 BSP/\libhal_bsp.a(alt_dev.o)
 .debug_pubnames
                0x00000563       0x2b BSP/\libhal_bsp.a(alt_dev_llist_insert.o)
 .debug_pubnames
                0x0000058e       0x20 BSP/\libhal_bsp.a(alt_errno.o)
 .debug_pubnames
                0x000005ae       0x23 BSP/\libhal_bsp.a(alt_find_dev.o)
 .debug_pubnames
                0x000005d1       0x2b BSP/\libhal_bsp.a(alt_icache_flush_all.o)
 .debug_pubnames
                0x000005fc       0x27 BSP/\libhal_bsp.a(alt_irq_register.o)
 .debug_pubnames
                0x00000623       0x3b BSP/\libhal_bsp.a(alt_irq_vars.o)
 .debug_pubnames
                0x0000065e       0x25 BSP/\libhal_bsp.a(alt_release_fd.o)
 .debug_pubnames
                0x00000683       0x68 BSP/\libhal_bsp.a(alt_tick.o)
 .debug_pubnames
                0x000006eb       0x31 BSP/\libhal_bsp.a(altera_nios2_qsys_irq.o)
 .debug_pubnames
                0x0000071c       0x27 BSP/\libhal_bsp.a(alt_icache_flush.o)
 .debug_pubnames
                0x00000743       0x32 BSP/\libhal_bsp.a(alt_irq_handler.o)
 .debug_pubnames
                0x00000775       0x1b c:/altera/13sp1/nios2eds/bin/gnu/h-i686-mingw32/bin/../lib/gcc/nios2-elf/4.1.2/../../../../nios2-elf/lib\libc.a(lib_a-exit.o)
 .debug_pubnames
                0x00000790       0x39 c:/altera/13sp1/nios2eds/bin/gnu/h-i686-mingw32/bin/../lib/gcc/nios2-elf/4.1.2/../../../../nios2-elf/lib\libc.a(lib_a-impure.o)
 .debug_pubnames
                0x000007c9       0x1c c:/altera/13sp1/nios2eds/bin/gnu/h-i686-mingw32/bin/../lib/gcc/nios2-elf/4.1.2/../../../../nios2-elf/lib\libc.a(lib_a-int_errno.o)
 .debug_pubnames
                0x000007e5       0x1d c:/altera/13sp1/nios2eds/bin/gnu/h-i686-mingw32/bin/../lib/gcc/nios2-elf/4.1.2/../../../../nios2-elf/lib\libc.a(lib_a-memcmp.o)
 .debug_pubnames
                0x00000802       0x1d c:/altera/13sp1/nios2eds/bin/gnu/h-i686-mingw32/bin/../lib/gcc/nios2-elf/4.1.2/../../../../nios2-elf/lib\libc.a(lib_a-strlen.o)
 .debug_pubnames
                0x0000081f       0x27 c:/altera/13sp1/nios2eds/bin/gnu/h-i686-mingw32/bin/../lib/gcc/nios2-elf/4.1.2/../../../../nios2-elf/lib\libc.a(lib_a-__call_atexit.o)
 .debug_pubnames
                0x00000846       0x1c BSP/\libhal_bsp.a(alt_exit.o)

.debug_info     0x00000000     0x5809
 *(.debug_info .gnu.linkonce.wi.*)
 .debug_info    0x00000000       0x4b BSP//obj/HAL/src/crt0.o
 .debug_info    0x0000004b      0x3f9 obj/default//C/Users/zs35/Desktop/lab12/Templates/main_part4.o
 .debug_info    0x00000444       0x7a c:/altera/13sp1/nios2eds/bin/gnu/h-i686-mingw32/bin/../lib/gcc/nios2-elf/4.1.2/../../../../nios2-elf/lib\libc.a(lib_a-islower.o)
 .debug_info    0x000004be       0x7a c:/altera/13sp1/nios2eds/bin/gnu/h-i686-mingw32/bin/../lib/gcc/nios2-elf/4.1.2/../../../../nios2-elf/lib\libc.a(lib_a-isupper.o)
 .debug_info    0x00000538       0x73 c:/altera/13sp1/nios2eds/bin/gnu/h-i686-mingw32/bin/../lib/gcc/nios2-elf/4.1.2/../../../../nios2-elf/lib\libc.a(lib_a-tolower.o)
 .debug_info    0x000005ab       0x73 c:/altera/13sp1/nios2eds/bin/gnu/h-i686-mingw32/bin/../lib/gcc/nios2-elf/4.1.2/../../../../nios2-elf/lib\libc.a(lib_a-toupper.o)
 .debug_info    0x0000061e       0xa0 c:/altera/13sp1/nios2eds/bin/gnu/h-i686-mingw32/bin/../lib/gcc/nios2-elf/4.1.2/../../../../nios2-elf/lib\libc.a(lib_a-ctype_.o)
 .debug_info    0x000006be      0x1a1 BSP/\libhal_bsp.a(alt_load.o)
 .debug_info    0x0000085f      0x161 BSP/\libhal_bsp.a(alt_main.o)
 .debug_info    0x000009c0      0x43f BSP/\libhal_bsp.a(alt_sys_init.o)
 .debug_info    0x00000dff      0x24d BSP/\libhal_bsp.a(altera_avalon_timer_sc.o)
 .debug_info    0x0000104c      0x653 BSP/\libhal_bsp.a(altera_up_avalon_character_lcd.o)
 .debug_info    0x0000169f      0x5aa BSP/\libhal_bsp.a(altera_up_avalon_rs232.o)
 .debug_info    0x00001c49      0x364 BSP/\libhal_bsp.a(alt_close.o)
 .debug_info    0x00001fad       0x8d BSP/\libhal_bsp.a(alt_dcache_flush_all.o)
 .debug_info    0x0000203a      0x4dd BSP/\libhal_bsp.a(alt_dev.o)
 .debug_info    0x00002517      0x1b7 BSP/\libhal_bsp.a(alt_dev_llist_insert.o)
 .debug_info    0x000026ce       0xab BSP/\libhal_bsp.a(alt_errno.o)
 .debug_info    0x00002779      0x310 BSP/\libhal_bsp.a(alt_find_dev.o)
 .debug_info    0x00002a89       0x8f BSP/\libhal_bsp.a(alt_icache_flush_all.o)
 .debug_info    0x00002b18      0x318 BSP/\libhal_bsp.a(alt_irq_register.o)
 .debug_info    0x00002e30       0x92 BSP/\libhal_bsp.a(alt_irq_vars.o)
 .debug_info    0x00002ec2      0x2d9 BSP/\libhal_bsp.a(alt_release_fd.o)
 .debug_info    0x0000319b      0x2bb BSP/\libhal_bsp.a(alt_tick.o)
 .debug_info    0x00003456       0xb7 BSP/\libhal_bsp.a(altera_nios2_qsys_irq.o)
 .debug_info    0x0000350d       0xd5 BSP/\libhal_bsp.a(alt_icache_flush.o)
 .debug_info    0x000035e2       0x54 BSP/\libhal_bsp.a(alt_irq_entry.o)
 .debug_info    0x00003636      0x18f BSP/\libhal_bsp.a(alt_irq_handler.o)
 .debug_info    0x000037c5       0x5a BSP/\libhal_bsp.a(alt_exception_entry.o)
 .debug_info    0x0000381f      0x93f c:/altera/13sp1/nios2eds/bin/gnu/h-i686-mingw32/bin/../lib/gcc/nios2-elf/4.1.2/../../../../nios2-elf/lib\libc.a(lib_a-exit.o)
 .debug_info    0x0000415e      0x93d c:/altera/13sp1/nios2eds/bin/gnu/h-i686-mingw32/bin/../lib/gcc/nios2-elf/4.1.2/../../../../nios2-elf/lib\libc.a(lib_a-impure.o)
 .debug_info    0x00004a9b       0x8c c:/altera/13sp1/nios2eds/bin/gnu/h-i686-mingw32/bin/../lib/gcc/nios2-elf/4.1.2/../../../../nios2-elf/lib\libc.a(lib_a-int_errno.o)
 .debug_info    0x00004b27      0x115 c:/altera/13sp1/nios2eds/bin/gnu/h-i686-mingw32/bin/../lib/gcc/nios2-elf/4.1.2/../../../../nios2-elf/lib\libc.a(lib_a-memcmp.o)
 .debug_info    0x00004c3c       0xdb c:/altera/13sp1/nios2eds/bin/gnu/h-i686-mingw32/bin/../lib/gcc/nios2-elf/4.1.2/../../../../nios2-elf/lib\libc.a(lib_a-strlen.o)
 .debug_info    0x00004d17      0x9e2 c:/altera/13sp1/nios2eds/bin/gnu/h-i686-mingw32/bin/../lib/gcc/nios2-elf/4.1.2/../../../../nios2-elf/lib\libc.a(lib_a-__call_atexit.o)
 .debug_info    0x000056f9      0x110 BSP/\libhal_bsp.a(alt_exit.o)

.debug_abbrev   0x00000000     0x1c3b
 *(.debug_abbrev)
 .debug_abbrev  0x00000000       0x12 BSP//obj/HAL/src/crt0.o
 .debug_abbrev  0x00000012      0x106 obj/default//C/Users/zs35/Desktop/lab12/Templates/main_part4.o
 .debug_abbrev  0x00000118       0x78 c:/altera/13sp1/nios2eds/bin/gnu/h-i686-mingw32/bin/../lib/gcc/nios2-elf/4.1.2/../../../../nios2-elf/lib\libc.a(lib_a-islower.o)
 .debug_abbrev  0x00000190       0x78 c:/altera/13sp1/nios2eds/bin/gnu/h-i686-mingw32/bin/../lib/gcc/nios2-elf/4.1.2/../../../../nios2-elf/lib\libc.a(lib_a-isupper.o)
 .debug_abbrev  0x00000208       0x73 c:/altera/13sp1/nios2eds/bin/gnu/h-i686-mingw32/bin/../lib/gcc/nios2-elf/4.1.2/../../../../nios2-elf/lib\libc.a(lib_a-tolower.o)
 .debug_abbrev  0x0000027b       0x73 c:/altera/13sp1/nios2eds/bin/gnu/h-i686-mingw32/bin/../lib/gcc/nios2-elf/4.1.2/../../../../nios2-elf/lib\libc.a(lib_a-toupper.o)
 .debug_abbrev  0x000002ee       0x61 c:/altera/13sp1/nios2eds/bin/gnu/h-i686-mingw32/bin/../lib/gcc/nios2-elf/4.1.2/../../../../nios2-elf/lib\libc.a(lib_a-ctype_.o)
 .debug_abbrev  0x0000034f       0xb6 BSP/\libhal_bsp.a(alt_load.o)
 .debug_abbrev  0x00000405       0xbe BSP/\libhal_bsp.a(alt_main.o)
 .debug_abbrev  0x000004c3      0x15a BSP/\libhal_bsp.a(alt_sys_init.o)
 .debug_abbrev  0x0000061d      0x14b BSP/\libhal_bsp.a(altera_avalon_timer_sc.o)
 .debug_abbrev  0x00000768      0x182 BSP/\libhal_bsp.a(altera_up_avalon_character_lcd.o)
 .debug_abbrev  0x000008ea      0x155 BSP/\libhal_bsp.a(altera_up_avalon_rs232.o)
 .debug_abbrev  0x00000a3f      0x124 BSP/\libhal_bsp.a(alt_close.o)
 .debug_abbrev  0x00000b63       0x3f BSP/\libhal_bsp.a(alt_dcache_flush_all.o)
 .debug_abbrev  0x00000ba2       0xd6 BSP/\libhal_bsp.a(alt_dev.o)
 .debug_abbrev  0x00000c78      0x117 BSP/\libhal_bsp.a(alt_dev_llist_insert.o)
 .debug_abbrev  0x00000d8f       0x5e BSP/\libhal_bsp.a(alt_errno.o)
 .debug_abbrev  0x00000ded       0xed BSP/\libhal_bsp.a(alt_find_dev.o)
 .debug_abbrev  0x00000eda       0x3f BSP/\libhal_bsp.a(alt_icache_flush_all.o)
 .debug_abbrev  0x00000f19      0x1a8 BSP/\libhal_bsp.a(alt_irq_register.o)
 .debug_abbrev  0x000010c1       0x44 BSP/\libhal_bsp.a(alt_irq_vars.o)
 .debug_abbrev  0x00001105       0xdb BSP/\libhal_bsp.a(alt_release_fd.o)
 .debug_abbrev  0x000011e0      0x170 BSP/\libhal_bsp.a(alt_tick.o)
 .debug_abbrev  0x00001350       0x64 BSP/\libhal_bsp.a(altera_nios2_qsys_irq.o)
 .debug_abbrev  0x000013b4       0x89 BSP/\libhal_bsp.a(alt_icache_flush.o)
 .debug_abbrev  0x0000143d       0x12 BSP/\libhal_bsp.a(alt_irq_entry.o)
 .debug_abbrev  0x0000144f      0x12f BSP/\libhal_bsp.a(alt_irq_handler.o)
 .debug_abbrev  0x0000157e       0x12 BSP/\libhal_bsp.a(alt_exception_entry.o)
 .debug_abbrev  0x00001590      0x16e c:/altera/13sp1/nios2eds/bin/gnu/h-i686-mingw32/bin/../lib/gcc/nios2-elf/4.1.2/../../../../nios2-elf/lib\libc.a(lib_a-exit.o)
 .debug_abbrev  0x000016fe      0x157 c:/altera/13sp1/nios2eds/bin/gnu/h-i686-mingw32/bin/../lib/gcc/nios2-elf/4.1.2/../../../../nios2-elf/lib\libc.a(lib_a-impure.o)
 .debug_abbrev  0x00001855       0x3b c:/altera/13sp1/nios2eds/bin/gnu/h-i686-mingw32/bin/../lib/gcc/nios2-elf/4.1.2/../../../../nios2-elf/lib\libc.a(lib_a-int_errno.o)
 .debug_abbrev  0x00001890       0x7c c:/altera/13sp1/nios2eds/bin/gnu/h-i686-mingw32/bin/../lib/gcc/nios2-elf/4.1.2/../../../../nios2-elf/lib\libc.a(lib_a-memcmp.o)
 .debug_abbrev  0x0000190c       0x8b c:/altera/13sp1/nios2eds/bin/gnu/h-i686-mingw32/bin/../lib/gcc/nios2-elf/4.1.2/../../../../nios2-elf/lib\libc.a(lib_a-strlen.o)
 .debug_abbrev  0x00001997      0x1de c:/altera/13sp1/nios2eds/bin/gnu/h-i686-mingw32/bin/../lib/gcc/nios2-elf/4.1.2/../../../../nios2-elf/lib\libc.a(lib_a-__call_atexit.o)
 .debug_abbrev  0x00001b75       0xc6 BSP/\libhal_bsp.a(alt_exit.o)

.debug_line     0x00000000     0x469a
 *(.debug_line)
 .debug_line    0x00000000       0x6c BSP//obj/HAL/src/crt0.o
 .debug_line    0x0000006c      0x244 obj/default//C/Users/zs35/Desktop/lab12/Templates/main_part4.o
 .debug_line    0x000002b0      0x10f c:/altera/13sp1/nios2eds/bin/gnu/h-i686-mingw32/bin/../lib/gcc/nios2-elf/4.1.2/../../../../nios2-elf/lib\libc.a(lib_a-islower.o)
 .debug_line    0x000003bf      0x10f c:/altera/13sp1/nios2eds/bin/gnu/h-i686-mingw32/bin/../lib/gcc/nios2-elf/4.1.2/../../../../nios2-elf/lib\libc.a(lib_a-isupper.o)
 .debug_line    0x000004ce      0x10f c:/altera/13sp1/nios2eds/bin/gnu/h-i686-mingw32/bin/../lib/gcc/nios2-elf/4.1.2/../../../../nios2-elf/lib\libc.a(lib_a-tolower.o)
 .debug_line    0x000005dd      0x10f c:/altera/13sp1/nios2eds/bin/gnu/h-i686-mingw32/bin/../lib/gcc/nios2-elf/4.1.2/../../../../nios2-elf/lib\libc.a(lib_a-toupper.o)
 .debug_line    0x000006ec       0x7e c:/altera/13sp1/nios2eds/bin/gnu/h-i686-mingw32/bin/../lib/gcc/nios2-elf/4.1.2/../../../../nios2-elf/lib\libc.a(lib_a-ctype_.o)
 .debug_line    0x0000076a      0x26f BSP/\libhal_bsp.a(alt_load.o)
 .debug_line    0x000009d9      0x2c2 BSP/\libhal_bsp.a(alt_main.o)
 .debug_line    0x00000c9b      0x2cf BSP/\libhal_bsp.a(alt_sys_init.o)
 .debug_line    0x00000f6a      0x2b0 BSP/\libhal_bsp.a(altera_avalon_timer_sc.o)
 .debug_line    0x0000121a      0x438 BSP/\libhal_bsp.a(altera_up_avalon_character_lcd.o)
 .debug_line    0x00001652      0x37e BSP/\libhal_bsp.a(altera_up_avalon_rs232.o)
 .debug_line    0x000019d0      0x281 BSP/\libhal_bsp.a(alt_close.o)
 .debug_line    0x00001c51      0x1b1 BSP/\libhal_bsp.a(alt_dcache_flush_all.o)
 .debug_line    0x00001e02      0x248 BSP/\libhal_bsp.a(alt_dev.o)
 .debug_line    0x0000204a      0x232 BSP/\libhal_bsp.a(alt_dev_llist_insert.o)
 .debug_line    0x0000227c      0x1a6 BSP/\libhal_bsp.a(alt_errno.o)
 .debug_line    0x00002422      0x257 BSP/\libhal_bsp.a(alt_find_dev.o)
 .debug_line    0x00002679      0x1b9 BSP/\libhal_bsp.a(alt_icache_flush_all.o)
 .debug_line    0x00002832      0x288 BSP/\libhal_bsp.a(alt_irq_register.o)
 .debug_line    0x00002aba       0x72 BSP/\libhal_bsp.a(alt_irq_vars.o)
 .debug_line    0x00002b2c       0xe5 BSP/\libhal_bsp.a(alt_release_fd.o)
 .debug_line    0x00002c11      0x2c7 BSP/\libhal_bsp.a(alt_tick.o)
 .debug_line    0x00002ed8      0x1e3 BSP/\libhal_bsp.a(altera_nios2_qsys_irq.o)
 .debug_line    0x000030bb      0x1e5 BSP/\libhal_bsp.a(alt_icache_flush.o)
 .debug_line    0x000032a0       0x6b BSP/\libhal_bsp.a(alt_irq_entry.o)
 .debug_line    0x0000330b      0x23c BSP/\libhal_bsp.a(alt_irq_handler.o)
 .debug_line    0x00003547       0xab BSP/\libhal_bsp.a(alt_exception_entry.o)
 .debug_line    0x000035f2      0x238 c:/altera/13sp1/nios2eds/bin/gnu/h-i686-mingw32/bin/../lib/gcc/nios2-elf/4.1.2/../../../../nios2-elf/lib\libc.a(lib_a-exit.o)
 .debug_line    0x0000382a      0x22d c:/altera/13sp1/nios2eds/bin/gnu/h-i686-mingw32/bin/../lib/gcc/nios2-elf/4.1.2/../../../../nios2-elf/lib\libc.a(lib_a-impure.o)
 .debug_line    0x00003a57      0x1df c:/altera/13sp1/nios2eds/bin/gnu/h-i686-mingw32/bin/../lib/gcc/nios2-elf/4.1.2/../../../../nios2-elf/lib\libc.a(lib_a-int_errno.o)
 .debug_line    0x00003c36      0x29f c:/altera/13sp1/nios2eds/bin/gnu/h-i686-mingw32/bin/../lib/gcc/nios2-elf/4.1.2/../../../../nios2-elf/lib\libc.a(lib_a-memcmp.o)
 .debug_line    0x00003ed5      0x26d c:/altera/13sp1/nios2eds/bin/gnu/h-i686-mingw32/bin/../lib/gcc/nios2-elf/4.1.2/../../../../nios2-elf/lib\libc.a(lib_a-strlen.o)
 .debug_line    0x00004142      0x367 c:/altera/13sp1/nios2eds/bin/gnu/h-i686-mingw32/bin/../lib/gcc/nios2-elf/4.1.2/../../../../nios2-elf/lib\libc.a(lib_a-__call_atexit.o)
 .debug_line    0x000044a9      0x1f1 BSP/\libhal_bsp.a(alt_exit.o)

.debug_frame    0x00000000      0x640
 *(.debug_frame)
 .debug_frame   0x00000000       0x30 obj/default//C/Users/zs35/Desktop/lab12/Templates/main_part4.o
 .debug_frame   0x00000030       0x20 c:/altera/13sp1/nios2eds/bin/gnu/h-i686-mingw32/bin/../lib/gcc/nios2-elf/4.1.2/../../../../nios2-elf/lib\libc.a(lib_a-islower.o)
 .debug_frame   0x00000050       0x20 c:/altera/13sp1/nios2eds/bin/gnu/h-i686-mingw32/bin/../lib/gcc/nios2-elf/4.1.2/../../../../nios2-elf/lib\libc.a(lib_a-isupper.o)
 .debug_frame   0x00000070       0x20 c:/altera/13sp1/nios2eds/bin/gnu/h-i686-mingw32/bin/../lib/gcc/nios2-elf/4.1.2/../../../../nios2-elf/lib\libc.a(lib_a-tolower.o)
 .debug_frame   0x00000090       0x20 c:/altera/13sp1/nios2eds/bin/gnu/h-i686-mingw32/bin/../lib/gcc/nios2-elf/4.1.2/../../../../nios2-elf/lib\libc.a(lib_a-toupper.o)
 .debug_frame   0x000000b0       0x28 BSP/\libhal_bsp.a(alt_load.o)
 .debug_frame   0x000000d8       0x28 BSP/\libhal_bsp.a(alt_main.o)
 .debug_frame   0x00000100       0x44 BSP/\libhal_bsp.a(alt_sys_init.o)
 .debug_frame   0x00000144       0x40 BSP/\libhal_bsp.a(altera_avalon_timer_sc.o)
 .debug_frame   0x00000184      0x134 BSP/\libhal_bsp.a(altera_up_avalon_character_lcd.o)
 .debug_frame   0x000002b8       0xe4 BSP/\libhal_bsp.a(altera_up_avalon_rs232.o)
 .debug_frame   0x0000039c       0x2c BSP/\libhal_bsp.a(alt_close.o)
 .debug_frame   0x000003c8       0x20 BSP/\libhal_bsp.a(alt_dcache_flush_all.o)
 .debug_frame   0x000003e8       0x20 BSP/\libhal_bsp.a(alt_dev.o)
 .debug_frame   0x00000408       0x28 BSP/\libhal_bsp.a(alt_dev_llist_insert.o)
 .debug_frame   0x00000430       0x30 BSP/\libhal_bsp.a(alt_find_dev.o)
 .debug_frame   0x00000460       0x28 BSP/\libhal_bsp.a(alt_icache_flush_all.o)
 .debug_frame   0x00000488       0x20 BSP/\libhal_bsp.a(alt_irq_register.o)
 .debug_frame   0x000004a8       0x20 BSP/\libhal_bsp.a(alt_release_fd.o)
 .debug_frame   0x000004c8       0x3c BSP/\libhal_bsp.a(alt_tick.o)
 .debug_frame   0x00000504       0x20 BSP/\libhal_bsp.a(altera_nios2_qsys_irq.o)
 .debug_frame   0x00000524       0x20 BSP/\libhal_bsp.a(alt_icache_flush.o)
 .debug_frame   0x00000544       0x28 BSP/\libhal_bsp.a(alt_irq_handler.o)
 .debug_frame   0x0000056c       0x28 c:/altera/13sp1/nios2eds/bin/gnu/h-i686-mingw32/bin/../lib/gcc/nios2-elf/4.1.2/../../../../nios2-elf/lib\libc.a(lib_a-exit.o)
 .debug_frame   0x00000594       0x20 c:/altera/13sp1/nios2eds/bin/gnu/h-i686-mingw32/bin/../lib/gcc/nios2-elf/4.1.2/../../../../nios2-elf/lib\libc.a(lib_a-memcmp.o)
 .debug_frame   0x000005b4       0x20 c:/altera/13sp1/nios2eds/bin/gnu/h-i686-mingw32/bin/../lib/gcc/nios2-elf/4.1.2/../../../../nios2-elf/lib\libc.a(lib_a-strlen.o)
 .debug_frame   0x000005d4       0x4c c:/altera/13sp1/nios2eds/bin/gnu/h-i686-mingw32/bin/../lib/gcc/nios2-elf/4.1.2/../../../../nios2-elf/lib\libc.a(lib_a-__call_atexit.o)
 .debug_frame   0x00000620       0x20 BSP/\libhal_bsp.a(alt_exit.o)

.debug_str      0x00000000     0x14ca
 *(.debug_str)
 .debug_str     0x00000000      0x197 obj/default//C/Users/zs35/Desktop/lab12/Templates/main_part4.o
                                0x211 (size before relaxing)
 .debug_str     0x00000197       0xd6 c:/altera/13sp1/nios2eds/bin/gnu/h-i686-mingw32/bin/../lib/gcc/nios2-elf/4.1.2/../../../../nios2-elf/lib\libc.a(lib_a-islower.o)
                                 0xe7 (size before relaxing)
 .debug_str     0x0000026d       0x43 c:/altera/13sp1/nios2eds/bin/gnu/h-i686-mingw32/bin/../lib/gcc/nios2-elf/4.1.2/../../../../nios2-elf/lib\libc.a(lib_a-isupper.o)
                                 0xe7 (size before relaxing)
 .debug_str     0x000002b0       0x4f c:/altera/13sp1/nios2eds/bin/gnu/h-i686-mingw32/bin/../lib/gcc/nios2-elf/4.1.2/../../../../nios2-elf/lib\libc.a(lib_a-tolower.o)
                                 0xeb (size before relaxing)
 .debug_str     0x000002ff       0x43 c:/altera/13sp1/nios2eds/bin/gnu/h-i686-mingw32/bin/../lib/gcc/nios2-elf/4.1.2/../../../../nios2-elf/lib\libc.a(lib_a-toupper.o)
                                 0xeb (size before relaxing)
 .debug_str     0x00000342       0x43 c:/altera/13sp1/nios2eds/bin/gnu/h-i686-mingw32/bin/../lib/gcc/nios2-elf/4.1.2/../../../../nios2-elf/lib\libc.a(lib_a-ctype_.o)
                                0x105 (size before relaxing)
 .debug_str     0x00000385      0x103 BSP/\libhal_bsp.a(alt_load.o)
                                0x1a0 (size before relaxing)
 .debug_str     0x00000488       0x65 BSP/\libhal_bsp.a(alt_main.o)
                                0x154 (size before relaxing)
 .debug_str     0x000004ed       0x90 BSP/\libhal_bsp.a(alt_sys_init.o)
                                0x252 (size before relaxing)
 .debug_str     0x0000057d       0xb6 BSP/\libhal_bsp.a(altera_avalon_timer_sc.o)
                                0x1f3 (size before relaxing)
 .debug_str     0x00000633      0x1ea BSP/\libhal_bsp.a(altera_up_avalon_character_lcd.o)
                                0x37f (size before relaxing)
 .debug_str     0x0000081d      0x175 BSP/\libhal_bsp.a(altera_up_avalon_rs232.o)
                                0x2fa (size before relaxing)
 .debug_str     0x00000992       0x44 BSP/\libhal_bsp.a(alt_close.o)
                                0x199 (size before relaxing)
 .debug_str     0x000009d6       0x34 BSP/\libhal_bsp.a(alt_dcache_flush_all.o)
                                 0xe3 (size before relaxing)
 .debug_str     0x00000a0a      0x120 BSP/\libhal_bsp.a(alt_dev.o)
                                0x293 (size before relaxing)
 .debug_str     0x00000b2a       0x59 BSP/\libhal_bsp.a(alt_dev_llist_insert.o)
                                0x15a (size before relaxing)
 .debug_str     0x00000b83       0x14 BSP/\libhal_bsp.a(alt_errno.o)
                                 0xd3 (size before relaxing)
 .debug_str     0x00000b97       0x24 BSP/\libhal_bsp.a(alt_find_dev.o)
                                0x17a (size before relaxing)
 .debug_str     0x00000bbb       0x34 BSP/\libhal_bsp.a(alt_icache_flush_all.o)
                                 0xe3 (size before relaxing)
 .debug_str     0x00000bef       0x77 BSP/\libhal_bsp.a(alt_irq_register.o)
                                0x196 (size before relaxing)
 .debug_str     0x00000c66       0x17 BSP/\libhal_bsp.a(alt_irq_vars.o)
                                 0xdd (size before relaxing)
 .debug_str     0x00000c7d       0x28 BSP/\libhal_bsp.a(alt_release_fd.o)
                                0x176 (size before relaxing)
 .debug_str     0x00000ca5       0x78 BSP/\libhal_bsp.a(alt_tick.o)
                                0x201 (size before relaxing)
 .debug_str     0x00000d1d       0x3b BSP/\libhal_bsp.a(altera_nios2_qsys_irq.o)
                                0x113 (size before relaxing)
 .debug_str     0x00000d58       0x2c BSP/\libhal_bsp.a(alt_icache_flush.o)
                                 0xe9 (size before relaxing)
 .debug_str     0x00000d84       0x3a BSP/\libhal_bsp.a(alt_irq_handler.o)
                                0x146 (size before relaxing)
 .debug_str     0x00000dbe      0x42f c:/altera/13sp1/nios2eds/bin/gnu/h-i686-mingw32/bin/../lib/gcc/nios2-elf/4.1.2/../../../../nios2-elf/lib\libc.a(lib_a-exit.o)
                                0x50c (size before relaxing)
 .debug_str     0x000011ed       0xd1 c:/altera/13sp1/nios2eds/bin/gnu/h-i686-mingw32/bin/../lib/gcc/nios2-elf/4.1.2/../../../../nios2-elf/lib\libc.a(lib_a-impure.o)
                                0x51a (size before relaxing)
 .debug_str     0x000012be       0x3d c:/altera/13sp1/nios2eds/bin/gnu/h-i686-mingw32/bin/../lib/gcc/nios2-elf/4.1.2/../../../../nios2-elf/lib\libc.a(lib_a-int_errno.o)
                                0x163 (size before relaxing)
 .debug_str     0x000012fb       0xd5 c:/altera/13sp1/nios2eds/bin/gnu/h-i686-mingw32/bin/../lib/gcc/nios2-elf/4.1.2/../../../../nios2-elf/lib\libc.a(lib_a-memcmp.o)
                                0x16a (size before relaxing)
 .debug_str     0x000013d0       0x4f c:/altera/13sp1/nios2eds/bin/gnu/h-i686-mingw32/bin/../lib/gcc/nios2-elf/4.1.2/../../../../nios2-elf/lib\libc.a(lib_a-strlen.o)
                                0x17d (size before relaxing)
 .debug_str     0x0000141f       0x7b c:/altera/13sp1/nios2eds/bin/gnu/h-i686-mingw32/bin/../lib/gcc/nios2-elf/4.1.2/../../../../nios2-elf/lib\libc.a(lib_a-__call_atexit.o)
                                0x54e (size before relaxing)
 .debug_str     0x0000149a       0x30 BSP/\libhal_bsp.a(alt_exit.o)
                                0x108 (size before relaxing)

.debug_loc      0x00000000      0xf2f
 *(.debug_loc)
 .debug_loc     0x00000000       0xa9 obj/default//C/Users/zs35/Desktop/lab12/Templates/main_part4.o
 .debug_loc     0x000000a9       0x13 c:/altera/13sp1/nios2eds/bin/gnu/h-i686-mingw32/bin/../lib/gcc/nios2-elf/4.1.2/../../../../nios2-elf/lib\libc.a(lib_a-islower.o)
 .debug_loc     0x000000bc       0x13 c:/altera/13sp1/nios2eds/bin/gnu/h-i686-mingw32/bin/../lib/gcc/nios2-elf/4.1.2/../../../../nios2-elf/lib\libc.a(lib_a-isupper.o)
 .debug_loc     0x000000cf       0xeb BSP/\libhal_bsp.a(alt_load.o)
 .debug_loc     0x000001ba       0x1f BSP/\libhal_bsp.a(alt_main.o)
 .debug_loc     0x000001d9       0x51 BSP/\libhal_bsp.a(alt_sys_init.o)
 .debug_loc     0x0000022a       0xd9 BSP/\libhal_bsp.a(altera_avalon_timer_sc.o)
 .debug_loc     0x00000303      0x39a BSP/\libhal_bsp.a(altera_up_avalon_character_lcd.o)
 .debug_loc     0x0000069d      0x23b BSP/\libhal_bsp.a(altera_up_avalon_rs232.o)
 .debug_loc     0x000008d8       0x9a BSP/\libhal_bsp.a(alt_close.o)
 .debug_loc     0x00000972       0x5b BSP/\libhal_bsp.a(alt_dev_llist_insert.o)
 .debug_loc     0x000009cd       0x81 BSP/\libhal_bsp.a(alt_find_dev.o)
 .debug_loc     0x00000a4e       0x1f BSP/\libhal_bsp.a(alt_icache_flush_all.o)
 .debug_loc     0x00000a6d       0x78 BSP/\libhal_bsp.a(alt_irq_register.o)
 .debug_loc     0x00000ae5       0x66 BSP/\libhal_bsp.a(alt_tick.o)
 .debug_loc     0x00000b4b       0x13 BSP/\libhal_bsp.a(alt_icache_flush.o)
 .debug_loc     0x00000b5e       0x79 BSP/\libhal_bsp.a(alt_irq_handler.o)
 .debug_loc     0x00000bd7       0x3d c:/altera/13sp1/nios2eds/bin/gnu/h-i686-mingw32/bin/../lib/gcc/nios2-elf/4.1.2/../../../../nios2-elf/lib\libc.a(lib_a-exit.o)
 .debug_loc     0x00000c14      0x114 c:/altera/13sp1/nios2eds/bin/gnu/h-i686-mingw32/bin/../lib/gcc/nios2-elf/4.1.2/../../../../nios2-elf/lib\libc.a(lib_a-memcmp.o)
 .debug_loc     0x00000d28       0x3c c:/altera/13sp1/nios2eds/bin/gnu/h-i686-mingw32/bin/../lib/gcc/nios2-elf/4.1.2/../../../../nios2-elf/lib\libc.a(lib_a-strlen.o)
 .debug_loc     0x00000d64      0x1cb c:/altera/13sp1/nios2eds/bin/gnu/h-i686-mingw32/bin/../lib/gcc/nios2-elf/4.1.2/../../../../nios2-elf/lib\libc.a(lib_a-__call_atexit.o)

.debug_macinfo
 *(.debug_macinfo)

.debug_weaknames
 *(.debug_weaknames)

.debug_funcnames
 *(.debug_funcnames)

.debug_typenames
 *(.debug_typenames)

.debug_varnames
 *(.debug_varnames)

.debug_alt_sim_info
                0x00000000       0x20
 *(.debug_alt_sim_info)
 .debug_alt_sim_info
                0x00000000       0x20 BSP//obj/HAL/src/crt0.o
                0x00008000                __alt_data_end = 0x8000
                0x00008000                PROVIDE (__alt_stack_pointer, __alt_data_end)
                0x00002114                PROVIDE (__alt_stack_limit, __alt_stack_base)
                0x00002114                PROVIDE (__alt_heap_start, end)
                0x00008000                PROVIDE (__alt_heap_limit, 0x8000)
OUTPUT(C:/Users/zs35/Desktop/lab12/main_part4.elf elf32-littlenios2)

.debug_ranges   0x00000000       0xf0
 .debug_ranges  0x00000000       0x20 BSP//obj/HAL/src/crt0.o
 .debug_ranges  0x00000020       0x48 BSP/\libhal_bsp.a(alt_load.o)
 .debug_ranges  0x00000068       0x28 BSP/\libhal_bsp.a(alt_irq_entry.o)
 .debug_ranges  0x00000090       0x18 BSP/\libhal_bsp.a(alt_irq_handler.o)
 .debug_ranges  0x000000a8       0x30 BSP/\libhal_bsp.a(alt_exception_entry.o)
 .debug_ranges  0x000000d8       0x18 c:/altera/13sp1/nios2eds/bin/gnu/h-i686-mingw32/bin/../lib/gcc/nios2-elf/4.1.2/../../../../nios2-elf/lib\libc.a(lib_a-__call_atexit.o)
