Archive member included because of file (symbol)

BSP/\libhal_bsp.a(alt_load.o)
                              BSP//obj/HAL/src/crt0.o (alt_load)
BSP/\libhal_bsp.a(alt_main.o)
                              BSP//obj/HAL/src/crt0.o (alt_main)
BSP/\libhal_bsp.a(alt_sys_init.o)
                              BSP/\libhal_bsp.a(alt_main.o) (alt_irq_init)
BSP/\libhal_bsp.a(altera_avalon_timer_sc.o)
                              BSP/\libhal_bsp.a(alt_sys_init.o) (alt_avalon_timer_sc_init)
BSP/\libhal_bsp.a(altera_up_avalon_character_lcd.o)
                              obj/default//C/Users/zs35/Desktop/lab11/Templates/ENGR220_Lab11_Example.o (alt_up_character_lcd_string)
BSP/\libhal_bsp.a(altera_up_avalon_rs232.o)
                              BSP/\libhal_bsp.a(alt_sys_init.o) (alt_up_rs232_read_fd)
BSP/\libhal_bsp.a(alt_close.o)
                              BSP/\libhal_bsp.a(alt_main.o) (close)
BSP/\libhal_bsp.a(alt_dcache_flush_all.o)
                              BSP/\libhal_bsp.a(alt_load.o) (alt_dcache_flush_all)
BSP/\libhal_bsp.a(alt_dev.o)  BSP/\libhal_bsp.a(alt_sys_init.o) (alt_dev_list)
BSP/\libhal_bsp.a(alt_dev_llist_insert.o)
                              BSP/\libhal_bsp.a(alt_sys_init.o) (alt_dev_llist_insert)
BSP/\libhal_bsp.a(alt_errno.o)
                              BSP/\libhal_bsp.a(alt_close.o) (alt_errno)
BSP/\libhal_bsp.a(alt_find_dev.o)
                              BSP/\libhal_bsp.a(altera_up_avalon_character_lcd.o) (alt_find_dev)
BSP/\libhal_bsp.a(alt_icache_flush_all.o)
                              BSP/\libhal_bsp.a(alt_load.o) (alt_icache_flush_all)
BSP/\libhal_bsp.a(alt_irq_register.o)
                              BSP/\libhal_bsp.a(altera_avalon_timer_sc.o) (alt_irq_register)
BSP/\libhal_bsp.a(alt_irq_vars.o)
                              BSP/\libhal_bsp.a(alt_irq_register.o) (alt_irq_active)
BSP/\libhal_bsp.a(alt_release_fd.o)
                              BSP/\libhal_bsp.a(alt_close.o) (alt_release_fd)
BSP/\libhal_bsp.a(alt_tick.o)
                              BSP/\libhal_bsp.a(altera_avalon_timer_sc.o) (alt_tick)
BSP/\libhal_bsp.a(altera_nios2_qsys_irq.o)
                              BSP/\libhal_bsp.a(alt_sys_init.o) (altera_nios2_qsys_irq_init)
BSP/\libhal_bsp.a(alt_icache_flush.o)
                              BSP/\libhal_bsp.a(alt_icache_flush_all.o) (alt_icache_flush)
BSP/\libhal_bsp.a(alt_irq_entry.o)
                              BSP/\libhal_bsp.a(alt_irq_register.o) (alt_irq_entry)
BSP/\libhal_bsp.a(alt_irq_handler.o)
                              BSP/\libhal_bsp.a(alt_irq_register.o) (alt_irq_handler)
BSP/\libhal_bsp.a(alt_exception_entry.o)
                              BSP/\libhal_bsp.a(alt_irq_entry.o) (alt_exception)
c:/altera/13sp1/nios2eds/bin/gnu/h-i686-mingw32/bin/../lib/gcc/nios2-elf/4.1.2/../../../../nios2-elf/lib\libc.a(lib_a-exit.o)
                              BSP/\libhal_bsp.a(alt_main.o) (exit)
c:/altera/13sp1/nios2eds/bin/gnu/h-i686-mingw32/bin/../lib/gcc/nios2-elf/4.1.2/../../../../nios2-elf/lib\libc.a(lib_a-impure.o)
                              c:/altera/13sp1/nios2eds/bin/gnu/h-i686-mingw32/bin/../lib/gcc/nios2-elf/4.1.2/../../../../nios2-elf/lib\libc.a(lib_a-exit.o) (_global_impure_ptr)
c:/altera/13sp1/nios2eds/bin/gnu/h-i686-mingw32/bin/../lib/gcc/nios2-elf/4.1.2/../../../../nios2-elf/lib\libc.a(lib_a-int_errno.o)
                              BSP/\libhal_bsp.a(alt_close.o) (errno)
c:/altera/13sp1/nios2eds/bin/gnu/h-i686-mingw32/bin/../lib/gcc/nios2-elf/4.1.2/../../../../nios2-elf/lib\libc.a(lib_a-memcmp.o)
                              BSP/\libhal_bsp.a(alt_find_dev.o) (memcmp)
c:/altera/13sp1/nios2eds/bin/gnu/h-i686-mingw32/bin/../lib/gcc/nios2-elf/4.1.2/../../../../nios2-elf/lib\libc.a(lib_a-strlen.o)
                              BSP/\libhal_bsp.a(alt_find_dev.o) (strlen)
c:/altera/13sp1/nios2eds/bin/gnu/h-i686-mingw32/bin/../lib/gcc/nios2-elf/4.1.2/../../../../nios2-elf/lib\libc.a(lib_a-__call_atexit.o)
                              c:/altera/13sp1/nios2eds/bin/gnu/h-i686-mingw32/bin/../lib/gcc/nios2-elf/4.1.2/../../../../nios2-elf/lib\libc.a(lib_a-exit.o) (__call_exitprocs)
BSP/\libhal_bsp.a(alt_exit.o)
                              c:/altera/13sp1/nios2eds/bin/gnu/h-i686-mingw32/bin/../lib/gcc/nios2-elf/4.1.2/../../../../nios2-elf/lib\libc.a(lib_a-exit.o) (_exit)

Allocating common symbols
Common symbol       size              file

alt_irq             0x100             BSP/\libhal_bsp.a(alt_irq_handler.o)
errno               0x4               c:/altera/13sp1/nios2eds/bin/gnu/h-i686-mingw32/bin/../lib/gcc/nios2-elf/4.1.2/../../../../nios2-elf/lib\libc.a(lib_a-int_errno.o)

Memory Configuration

Name             Origin             Length             Attributes
reset            0x00000000         0x00000020
RAM              0x00000020         0x00007fe0
*default*        0x00000000         0xffffffff

Linker script and memory map

LOAD BSP//obj/HAL/src/crt0.o
LOAD obj/default//C/Users/zs35/Desktop/lab11/Templates/ENGR220_Lab11_Example.o
LOAD c:/altera/13sp1/nios2eds/bin/gnu/h-i686-mingw32/bin/../lib/gcc/nios2-elf/4.1.2/../../../../nios2-elf/lib\libstdc++.a
LOAD c:/altera/13sp1/nios2eds/bin/gnu/h-i686-mingw32/bin/../lib/gcc/nios2-elf/4.1.2/../../../../nios2-elf/lib\libm.a
LOAD c:/altera/13sp1/nios2eds/bin/gnu/h-i686-mingw32/bin/../lib/gcc/nios2-elf/4.1.2\libgcc.a
START GROUP
LOAD c:/altera/13sp1/nios2eds/bin/gnu/h-i686-mingw32/bin/../lib/gcc/nios2-elf/4.1.2/../../../../nios2-elf/lib\libc.a
LOAD c:/altera/13sp1/nios2eds/bin/gnu/h-i686-mingw32/bin/../lib/gcc/nios2-elf/4.1.2\libgcc.a
LOAD BSP/\libhal_bsp.a
END GROUP
LOAD c:/altera/13sp1/nios2eds/bin/gnu/h-i686-mingw32/bin/../lib/gcc/nios2-elf/4.1.2\libgcc.a
                0x00000000                __alt_mem_RAM = 0x0

.entry          0x00000000       0x20
 *(.entry)
 .entry         0x00000000       0x20 BSP//obj/HAL/src/crt0.o
                0x00000000                __reset

.exceptions     0x00000020      0x148
                0x00000020                PROVIDE (__ram_exceptions_start, ABSOLUTE (.))
                0x00000020                . = ALIGN (0x20)
 *(.irq)
 *(.exceptions.entry.label)
 .exceptions.entry.label
                0x00000020        0x0 BSP/\libhal_bsp.a(alt_irq_entry.o)
                0x00000020                alt_irq_entry
 .exceptions.entry.label
                0x00000020        0x0 BSP/\libhal_bsp.a(alt_exception_entry.o)
                0x00000020                alt_exception
 *(.exceptions.entry.user)
 *(.exceptions.entry)
 .exceptions.entry
                0x00000020       0x54 BSP/\libhal_bsp.a(alt_exception_entry.o)
 *(.exceptions.irqtest.user)
 *(.exceptions.irqtest)
 .exceptions.irqtest
                0x00000074       0x10 BSP/\libhal_bsp.a(alt_irq_entry.o)
 *(.exceptions.irqhandler.user)
 *(.exceptions.irqhandler)
 .exceptions.irqhandler
                0x00000084        0x4 BSP/\libhal_bsp.a(alt_irq_entry.o)
 *(.exceptions.irqreturn.user)
 *(.exceptions.irqreturn)
 .exceptions.irqreturn
                0x00000088        0x4 BSP/\libhal_bsp.a(alt_irq_entry.o)
 *(.exceptions.notirq.label)
 .exceptions.notirq.label
                0x0000008c        0x0 BSP/\libhal_bsp.a(alt_irq_entry.o)
 *(.exceptions.notirq.user)
 *(.exceptions.notirq)
 .exceptions.notirq
                0x0000008c        0x8 BSP/\libhal_bsp.a(alt_exception_entry.o)
 *(.exceptions.soft.user)
 *(.exceptions.soft)
 *(.exceptions.unknown.user)
 *(.exceptions.unknown)
 .exceptions.unknown
                0x00000094        0x4 BSP/\libhal_bsp.a(alt_exception_entry.o)
 *(.exceptions.exit.label)
 .exceptions.exit.label
                0x00000098        0x0 BSP/\libhal_bsp.a(alt_irq_entry.o)
 .exceptions.exit.label
                0x00000098        0x0 BSP/\libhal_bsp.a(alt_exception_entry.o)
 *(.exceptions.exit.user)
 *(.exceptions.exit)
 .exceptions.exit
                0x00000098       0x54 BSP/\libhal_bsp.a(alt_exception_entry.o)
 *(.exceptions)
 .exceptions    0x000000ec       0x7c BSP/\libhal_bsp.a(alt_irq_handler.o)
                0x000000ec                alt_irq_handler
                0x00000168                PROVIDE (__ram_exceptions_end, ABSOLUTE (.))
                0x00000020                PROVIDE (__flash_exceptions_start, LOADADDR (.exceptions))

.text           0x00000168      0xe90
                0x00000168                PROVIDE (stext, ABSOLUTE (.))
 *(.interp)
 *(.hash)
 *(.dynsym)
 *(.dynstr)
 *(.gnu.version)
 *(.gnu.version_d)
 *(.gnu.version_r)
 *(.rel.init)
 *(.rela.init)
 *(.rel.text .rel.text.* .rel.gnu.linkonce.t.*)
 *(.rela.text .rela.text.* .rela.gnu.linkonce.t.*)
 *(.rel.fini)
 *(.rela.fini)
 *(.rel.rodata .rel.rodata.* .rel.gnu.linkonce.r.*)
 *(.rela.rodata .rela.rodata.* .rela.gnu.linkonce.r.*)
 *(.rel.data .rel.data.* .rel.gnu.linkonce.d.*)
 *(.rela.data .rela.data.* .rela.gnu.linkonce.d.*)
 *(.rel.tdata .rel.tdata.* .rel.gnu.linkonce.td.*)
 *(.rela.tdata .rela.tdata.* .rela.gnu.linkonce.td.*)
 *(.rel.tbss .rel.tbss.* .rel.gnu.linkonce.tb.*)
 *(.rela.tbss .rela.tbss.* .rela.gnu.linkonce.tb.*)
 *(.rel.ctors)
 *(.rela.ctors)
 *(.rel.dtors)
 *(.rela.dtors)
 *(.rel.got)
 *(.rela.got)
 *(.rel.sdata .rel.sdata.* .rel.gnu.linkonce.s.*)
 *(.rela.sdata .rela.sdata.* .rela.gnu.linkonce.s.*)
 *(.rel.sbss .rel.sbss.* .rel.gnu.linkonce.sb.*)
 *(.rela.sbss .rela.sbss.* .rela.gnu.linkonce.sb.*)
 *(.rel.sdata2 .rel.sdata2.* .rel.gnu.linkonce.s2.*)
 *(.rela.sdata2 .rela.sdata2.* .rela.gnu.linkonce.s2.*)
 *(.rel.sbss2 .rel.sbss2.* .rel.gnu.linkonce.sb2.*)
 *(.rela.sbss2 .rela.sbss2.* .rela.gnu.linkonce.sb2.*)
 *(.rel.bss .rel.bss.* .rel.gnu.linkonce.b.*)
 *(.rela.bss .rela.bss.* .rela.gnu.linkonce.b.*)
 *(.rel.plt)
 *(.rela.plt)
 *(.rel.dyn)
 *(.init)
 *(.plt)
 *(.text .stub .text.* .gnu.linkonce.t.*)
 .text          0x00000168       0x3c BSP//obj/HAL/src/crt0.o
                0x00000168                _start
 .text          0x000001a4       0x90 obj/default//C/Users/zs35/Desktop/lab11/Templates/ENGR220_Lab11_Example.o
                0x000001a4                main
 .text          0x00000234       0xc4 BSP/\libhal_bsp.a(alt_load.o)
                0x00000234                alt_load
 .text          0x000002f8       0x3c BSP/\libhal_bsp.a(alt_main.o)
                0x000002f8                alt_main
 .text          0x00000334       0x8c BSP/\libhal_bsp.a(alt_sys_init.o)
                0x00000334                alt_irq_init
                0x00000354                alt_sys_init
 .text          0x000003c0       0x80 BSP/\libhal_bsp.a(altera_avalon_timer_sc.o)
                0x000003c0                alt_avalon_timer_sc_init
 .text          0x00000440      0x30c BSP/\libhal_bsp.a(altera_up_avalon_character_lcd.o)
                0x00000440                get_DDRAM_addr
                0x0000045c                alt_up_character_lcd_string
                0x000004a8                alt_up_character_lcd_write
                0x000004d4                alt_up_character_lcd_write_fd
                0x000004f4                alt_up_character_lcd_init
                0x00000504                alt_up_character_lcd_send_cmd
                0x00000514                alt_up_character_lcd_cursor_blink_on
                0x00000530                alt_up_character_lcd_cursor_off
                0x0000054c                alt_up_character_lcd_erase_pos
                0x000005b8                alt_up_character_lcd_shift_display
                0x00000648                alt_up_character_lcd_shift_cursor
                0x000006d8                alt_up_character_lcd_set_cursor_pos
                0x0000072c                alt_up_character_lcd_open_dev
 .text          0x0000074c      0x1d4 BSP/\libhal_bsp.a(altera_up_avalon_rs232.o)
                0x0000074c                alt_up_rs232_check_parity
                0x00000758                alt_up_rs232_open_dev
                0x00000778                alt_up_rs232_read_data
                0x000007c4                alt_up_rs232_read_fd
                0x00000844                alt_up_rs232_get_available_space_in_write_FIFO
                0x00000854                alt_up_rs232_write_data
                0x0000086c                alt_up_rs232_write_fd
                0x000008dc                alt_up_rs232_disable_read_interrupt
                0x000008f8                alt_up_rs232_enable_read_interrupt
                0x00000910                alt_up_rs232_get_used_space_in_read_FIFO
 .text          0x00000920       0xdc BSP/\libhal_bsp.a(alt_close.o)
                0x00000920                close
 .text          0x000009fc        0x4 BSP/\libhal_bsp.a(alt_dcache_flush_all.o)
                0x000009fc                alt_dcache_flush_all
 .text          0x00000a00        0x8 BSP/\libhal_bsp.a(alt_dev.o)
 .text          0x00000a08       0x70 BSP/\libhal_bsp.a(alt_dev_llist_insert.o)
                0x00000a08                alt_dev_llist_insert
 .text          0x00000a78        0x0 BSP/\libhal_bsp.a(alt_errno.o)
 .text          0x00000a78       0x70 BSP/\libhal_bsp.a(alt_find_dev.o)
                0x00000a78                alt_find_dev
 .text          0x00000ae8       0x20 BSP/\libhal_bsp.a(alt_icache_flush_all.o)
                0x00000ae8                alt_icache_flush_all
 .text          0x00000b08       0xbc BSP/\libhal_bsp.a(alt_irq_register.o)
                0x00000b08                alt_irq_register
 .text          0x00000bc4        0x0 BSP/\libhal_bsp.a(alt_irq_vars.o)
 .text          0x00000bc4       0x24 BSP/\libhal_bsp.a(alt_release_fd.o)
                0x00000bc4                alt_release_fd
 .text          0x00000be8       0xe0 BSP/\libhal_bsp.a(alt_tick.o)
                0x00000be8                alt_alarm_stop
                0x00000c1c                alt_tick
 .text          0x00000cc8        0x8 BSP/\libhal_bsp.a(altera_nios2_qsys_irq.o)
                0x00000cc8                altera_nios2_qsys_irq_init
 .text          0x00000cd0       0x3c BSP/\libhal_bsp.a(alt_icache_flush.o)
                0x00000cd0                alt_icache_flush
 .text          0x00000d0c        0x0 BSP/\libhal_bsp.a(alt_irq_entry.o)
 .text          0x00000d0c        0x0 BSP/\libhal_bsp.a(alt_irq_handler.o)
 .text          0x00000d0c        0x0 BSP/\libhal_bsp.a(alt_exception_entry.o)
 .text          0x00000d0c       0x38 c:/altera/13sp1/nios2eds/bin/gnu/h-i686-mingw32/bin/../lib/gcc/nios2-elf/4.1.2/../../../../nios2-elf/lib\libc.a(lib_a-exit.o)
                0x00000d0c                exit
 .text          0x00000d44        0x0 c:/altera/13sp1/nios2eds/bin/gnu/h-i686-mingw32/bin/../lib/gcc/nios2-elf/4.1.2/../../../../nios2-elf/lib\libc.a(lib_a-impure.o)
 .text          0x00000d44        0x0 c:/altera/13sp1/nios2eds/bin/gnu/h-i686-mingw32/bin/../lib/gcc/nios2-elf/4.1.2/../../../../nios2-elf/lib\libc.a(lib_a-int_errno.o)
 .text          0x00000d44       0x74 c:/altera/13sp1/nios2eds/bin/gnu/h-i686-mingw32/bin/../lib/gcc/nios2-elf/4.1.2/../../../../nios2-elf/lib\libc.a(lib_a-memcmp.o)
                0x00000d44                memcmp
 .text          0x00000db8       0x74 c:/altera/13sp1/nios2eds/bin/gnu/h-i686-mingw32/bin/../lib/gcc/nios2-elf/4.1.2/../../../../nios2-elf/lib\libc.a(lib_a-strlen.o)
                0x00000db8                strlen
 .text          0x00000e2c      0x1b4 c:/altera/13sp1/nios2eds/bin/gnu/h-i686-mingw32/bin/../lib/gcc/nios2-elf/4.1.2/../../../../nios2-elf/lib\libc.a(lib_a-__call_atexit.o)
                0x00000e30                __call_exitprocs
 .text          0x00000fe0       0x14 BSP/\libhal_bsp.a(alt_exit.o)
                0x00000fe0                _exit
 *(.gnu.warning.*)
 *(.fini)
                0x00000ff4                PROVIDE (__etext, ABSOLUTE (.))
                0x00000ff4                PROVIDE (_etext, ABSOLUTE (.))
                0x00000ff4                PROVIDE (etext, ABSOLUTE (.))
 *(.eh_frame_hdr)
                0x00000ff4                . = ALIGN (0x4)
                0x00000ff4                PROVIDE (__preinit_array_start, ABSOLUTE (.))
 *(.preinit_array)
                0x00000ff4                PROVIDE (__preinit_array_end, ABSOLUTE (.))
                0x00000ff4                PROVIDE (__init_array_start, ABSOLUTE (.))
 *(.init_array)
                0x00000ff4                PROVIDE (__init_array_end, ABSOLUTE (.))
                0x00000ff4                PROVIDE (__fini_array_start, ABSOLUTE (.))
 *(.fini_array)
                0x00000ff4                PROVIDE (__fini_array_end, ABSOLUTE (.))
 *(.eh_frame)
 *(.gcc_except_table)
 *(.dynamic)
                0x00000ff4                PROVIDE (__CTOR_LIST__, ABSOLUTE (.))
 *(.ctors)
 *(SORT(.ctors.*))
 .ctors.65535   0x00000ff4        0x4 c:/altera/13sp1/nios2eds/bin/gnu/h-i686-mingw32/bin/../lib/gcc/nios2-elf/4.1.2/../../../../nios2-elf/lib\libc.a(lib_a-__call_atexit.o)
                0x00000ff8                PROVIDE (__CTOR_END__, ABSOLUTE (.))
                0x00000ff8                PROVIDE (__DTOR_LIST__, ABSOLUTE (.))
 *(.dtors)
 *(SORT(.dtors.*))
                0x00000ff8                PROVIDE (__DTOR_END__, ABSOLUTE (.))
 *(.jcr)
                0x00000ff8                . = ALIGN (0x4)

.rodata         0x00000ff8       0x48
                0x00000ff8                PROVIDE (__ram_rodata_start, ABSOLUTE (.))
                0x00000ff8                . = ALIGN (0x4)
 *(.rodata .rodata.* .gnu.linkonce.r.*)
 .rodata.str1.4
                0x00000ff8       0x1b obj/default//C/Users/zs35/Desktop/lab11/Templates/ENGR220_Lab11_Example.o
                                 0x1c (size before relaxing)
 *fill*         0x00001013        0x1 00
 .rodata        0x00001014       0x10 obj/default//C/Users/zs35/Desktop/lab11/Templates/ENGR220_Lab11_Example.o
 .rodata.str1.4
                0x00001024        0xa BSP/\libhal_bsp.a(alt_sys_init.o)
                                 0x18 (size before relaxing)
 *fill*         0x0000102e        0x2 00
 .rodata.str1.4
                0x00001030        0xa BSP/\libhal_bsp.a(alt_dev.o)
                                  0xc (size before relaxing)
 *fill*         0x0000103a        0x2 00
 .rodata.str1.4
                0x0000103c        0x4 c:/altera/13sp1/nios2eds/bin/gnu/h-i686-mingw32/bin/../lib/gcc/nios2-elf/4.1.2/../../../../nios2-elf/lib\libc.a(lib_a-impure.o)
 *(.rodata1)
                0x00001040                . = ALIGN (0x4)
                0x00001040                PROVIDE (__ram_rodata_end, ABSOLUTE (.))
                0x00000ff8                PROVIDE (__flash_rodata_start, LOADADDR (.rodata))

.rwdata         0x00001040      0x62c load address 0x0000166c
                0x00001040                PROVIDE (__ram_rwdata_start, ABSOLUTE (.))
                0x00001040                . = ALIGN (0x4)
 *(.got.plt)
 *(.got)
 *(.data1)
 *(.data .data.* .gnu.linkonce.d.*)
 .data          0x00001040        0x0 BSP//obj/HAL/src/crt0.o
 .data          0x00001040        0x0 obj/default//C/Users/zs35/Desktop/lab11/Templates/ENGR220_Lab11_Example.o
 .data          0x00001040        0x0 BSP/\libhal_bsp.a(alt_load.o)
 .data          0x00001040        0x0 BSP/\libhal_bsp.a(alt_main.o)
 .data          0x00001040       0x58 BSP/\libhal_bsp.a(alt_sys_init.o)
 .data          0x00001098        0x0 BSP/\libhal_bsp.a(altera_avalon_timer_sc.o)
 .data          0x00001098        0x0 BSP/\libhal_bsp.a(altera_up_avalon_character_lcd.o)
 .data          0x00001098        0x0 BSP/\libhal_bsp.a(altera_up_avalon_rs232.o)
 .data          0x00001098        0x0 BSP/\libhal_bsp.a(alt_close.o)
 .data          0x00001098        0x0 BSP/\libhal_bsp.a(alt_dcache_flush_all.o)
 .data          0x00001098      0x1a8 BSP/\libhal_bsp.a(alt_dev.o)
                0x00001098                alt_dev_null
                0x000010c0                alt_fd_list
 .data          0x00001240        0x0 BSP/\libhal_bsp.a(alt_dev_llist_insert.o)
 .data          0x00001240        0x0 BSP/\libhal_bsp.a(alt_errno.o)
 .data          0x00001240        0x0 BSP/\libhal_bsp.a(alt_find_dev.o)
 .data          0x00001240        0x0 BSP/\libhal_bsp.a(alt_icache_flush_all.o)
 .data          0x00001240        0x0 BSP/\libhal_bsp.a(alt_irq_register.o)
 .data          0x00001240        0x0 BSP/\libhal_bsp.a(alt_irq_vars.o)
 .data          0x00001240        0x0 BSP/\libhal_bsp.a(alt_release_fd.o)
 .data          0x00001240        0x0 BSP/\libhal_bsp.a(alt_tick.o)
 .data          0x00001240        0x0 BSP/\libhal_bsp.a(altera_nios2_qsys_irq.o)
 .data          0x00001240        0x0 BSP/\libhal_bsp.a(alt_icache_flush.o)
 .data          0x00001240        0x0 BSP/\libhal_bsp.a(alt_irq_entry.o)
 .data          0x00001240        0x0 BSP/\libhal_bsp.a(alt_irq_handler.o)
 .data          0x00001240        0x0 BSP/\libhal_bsp.a(alt_exception_entry.o)
 .data          0x00001240        0x0 c:/altera/13sp1/nios2eds/bin/gnu/h-i686-mingw32/bin/../lib/gcc/nios2-elf/4.1.2/../../../../nios2-elf/lib\libc.a(lib_a-exit.o)
 .data          0x00001240      0x400 c:/altera/13sp1/nios2eds/bin/gnu/h-i686-mingw32/bin/../lib/gcc/nios2-elf/4.1.2/../../../../nios2-elf/lib\libc.a(lib_a-impure.o)
 .data          0x00001640        0x0 c:/altera/13sp1/nios2eds/bin/gnu/h-i686-mingw32/bin/../lib/gcc/nios2-elf/4.1.2/../../../../nios2-elf/lib\libc.a(lib_a-int_errno.o)
 .data          0x00001640        0x0 c:/altera/13sp1/nios2eds/bin/gnu/h-i686-mingw32/bin/../lib/gcc/nios2-elf/4.1.2/../../../../nios2-elf/lib\libc.a(lib_a-memcmp.o)
 .data          0x00001640        0x0 c:/altera/13sp1/nios2eds/bin/gnu/h-i686-mingw32/bin/../lib/gcc/nios2-elf/4.1.2/../../../../nios2-elf/lib\libc.a(lib_a-strlen.o)
 .data          0x00001640        0x0 c:/altera/13sp1/nios2eds/bin/gnu/h-i686-mingw32/bin/../lib/gcc/nios2-elf/4.1.2/../../../../nios2-elf/lib\libc.a(lib_a-__call_atexit.o)
 .data          0x00001640        0x0 BSP/\libhal_bsp.a(alt_exit.o)
                0x00009640                _gp = ABSOLUTE ((. + 0x8000))
                0x00009640                PROVIDE (gp, _gp)
 *(.rwdata .rwdata.*)
 *(.sdata .sdata.* .gnu.linkonce.s.*)
 .sdata         0x00001640       0x14 BSP/\libhal_bsp.a(alt_dev.o)
                0x00001640                alt_fs_list
                0x00001648                alt_dev_list
                0x00001650                alt_max_fd
 .sdata         0x00001654        0x4 BSP/\libhal_bsp.a(alt_errno.o)
                0x00001654                alt_errno
 .sdata         0x00001658        0x4 BSP/\libhal_bsp.a(alt_irq_vars.o)
                0x00001658                alt_priority_mask
 .sdata         0x0000165c        0x8 BSP/\libhal_bsp.a(alt_tick.o)
                0x0000165c                alt_alarm_list
 .sdata         0x00001664        0x8 c:/altera/13sp1/nios2eds/bin/gnu/h-i686-mingw32/bin/../lib/gcc/nios2-elf/4.1.2/../../../../nios2-elf/lib\libc.a(lib_a-impure.o)
                0x00001664                _impure_ptr
                0x00001668                _global_impure_ptr
 *(.sdata2 .sdata2.* .gnu.linkonce.s2.*)
                0x0000166c                . = ALIGN (0x4)
                0x0000166c                _edata = ABSOLUTE (.)
                0x0000166c                PROVIDE (edata, ABSOLUTE (.))
                0x0000166c                PROVIDE (__ram_rwdata_end, ABSOLUTE (.))
                0x0000166c                PROVIDE (__flash_rwdata_start, LOADADDR (.rwdata))

.bss            0x00001c98      0x11c
                0x00001c98                __bss_start = ABSOLUTE (.)
                0x00001c98                PROVIDE (__sbss_start, ABSOLUTE (.))
                0x00001c98                PROVIDE (___sbss_start, ABSOLUTE (.))
 *(.dynsbss)
 *(.sbss .sbss.* .gnu.linkonce.sb.*)
 .sbss          0x00001c98        0xc BSP/\libhal_bsp.a(alt_main.o)
                0x00001c98                alt_argc
                0x00001c9c                alt_argv
                0x00001ca0                alt_envp
 .sbss          0x00001ca4        0x4 BSP/\libhal_bsp.a(alt_irq_vars.o)
                0x00001ca4                alt_irq_active
 .sbss          0x00001ca8        0x8 BSP/\libhal_bsp.a(alt_tick.o)
                0x00001ca8                _alt_tick_rate
                0x00001cac                _alt_nticks
 .sbss          0x00001cb0        0x4 c:/altera/13sp1/nios2eds/bin/gnu/h-i686-mingw32/bin/../lib/gcc/nios2-elf/4.1.2/../../../../nios2-elf/lib\libc.a(lib_a-int_errno.o)
                0x00001cb0                errno
 *(.sbss2 .sbss2.* .gnu.linkonce.sb2.*)
 *(.scommon)
                0x00001cb4                PROVIDE (__sbss_end, ABSOLUTE (.))
                0x00001cb4                PROVIDE (___sbss_end, ABSOLUTE (.))
 *(.dynbss)
 *(.bss .bss.* .gnu.linkonce.b.*)
 .bss           0x00001cb4        0x0 BSP//obj/HAL/src/crt0.o
 .bss           0x00001cb4        0x0 obj/default//C/Users/zs35/Desktop/lab11/Templates/ENGR220_Lab11_Example.o
 .bss           0x00001cb4        0x0 BSP/\libhal_bsp.a(alt_load.o)
 .bss           0x00001cb4        0x0 BSP/\libhal_bsp.a(alt_main.o)
 .bss           0x00001cb4        0x0 BSP/\libhal_bsp.a(alt_sys_init.o)
 .bss           0x00001cb4        0x0 BSP/\libhal_bsp.a(altera_avalon_timer_sc.o)
 .bss           0x00001cb4        0x0 BSP/\libhal_bsp.a(altera_up_avalon_character_lcd.o)
 .bss           0x00001cb4        0x0 BSP/\libhal_bsp.a(altera_up_avalon_rs232.o)
 .bss           0x00001cb4        0x0 BSP/\libhal_bsp.a(alt_close.o)
 .bss           0x00001cb4        0x0 BSP/\libhal_bsp.a(alt_dcache_flush_all.o)
 .bss           0x00001cb4        0x0 BSP/\libhal_bsp.a(alt_dev.o)
 .bss           0x00001cb4        0x0 BSP/\libhal_bsp.a(alt_dev_llist_insert.o)
 .bss           0x00001cb4        0x0 BSP/\libhal_bsp.a(alt_errno.o)
 .bss           0x00001cb4        0x0 BSP/\libhal_bsp.a(alt_find_dev.o)
 .bss           0x00001cb4        0x0 BSP/\libhal_bsp.a(alt_icache_flush_all.o)
 .bss           0x00001cb4        0x0 BSP/\libhal_bsp.a(alt_irq_register.o)
 .bss           0x00001cb4        0x0 BSP/\libhal_bsp.a(alt_irq_vars.o)
 .bss           0x00001cb4        0x0 BSP/\libhal_bsp.a(alt_release_fd.o)
 .bss           0x00001cb4        0x0 BSP/\libhal_bsp.a(alt_tick.o)
 .bss           0x00001cb4        0x0 BSP/\libhal_bsp.a(altera_nios2_qsys_irq.o)
 .bss           0x00001cb4        0x0 BSP/\libhal_bsp.a(alt_icache_flush.o)
 .bss           0x00001cb4        0x0 BSP/\libhal_bsp.a(alt_irq_entry.o)
 .bss           0x00001cb4        0x0 BSP/\libhal_bsp.a(alt_irq_handler.o)
 .bss           0x00001cb4        0x0 BSP/\libhal_bsp.a(alt_exception_entry.o)
 .bss           0x00001cb4        0x0 c:/altera/13sp1/nios2eds/bin/gnu/h-i686-mingw32/bin/../lib/gcc/nios2-elf/4.1.2/../../../../nios2-elf/lib\libc.a(lib_a-exit.o)
 .bss           0x00001cb4        0x0 c:/altera/13sp1/nios2eds/bin/gnu/h-i686-mingw32/bin/../lib/gcc/nios2-elf/4.1.2/../../../../nios2-elf/lib\libc.a(lib_a-impure.o)
 .bss           0x00001cb4        0x0 c:/altera/13sp1/nios2eds/bin/gnu/h-i686-mingw32/bin/../lib/gcc/nios2-elf/4.1.2/../../../../nios2-elf/lib\libc.a(lib_a-int_errno.o)
 .bss           0x00001cb4        0x0 c:/altera/13sp1/nios2eds/bin/gnu/h-i686-mingw32/bin/../lib/gcc/nios2-elf/4.1.2/../../../../nios2-elf/lib\libc.a(lib_a-memcmp.o)
 .bss           0x00001cb4        0x0 c:/altera/13sp1/nios2eds/bin/gnu/h-i686-mingw32/bin/../lib/gcc/nios2-elf/4.1.2/../../../../nios2-elf/lib\libc.a(lib_a-strlen.o)
 .bss           0x00001cb4        0x0 c:/altera/13sp1/nios2eds/bin/gnu/h-i686-mingw32/bin/../lib/gcc/nios2-elf/4.1.2/../../../../nios2-elf/lib\libc.a(lib_a-__call_atexit.o)
 .bss           0x00001cb4        0x0 BSP/\libhal_bsp.a(alt_exit.o)
 *(COMMON)
 COMMON         0x00001cb4      0x100 BSP/\libhal_bsp.a(alt_irq_handler.o)
                0x00001cb4                alt_irq
                0x00001db4                . = ALIGN (0x4)
                0x00001db4                __bss_end = ABSOLUTE (.)

.RAM            0x00001db4        0x0
                0x00001db4                PROVIDE (_alt_partition_RAM_start, ABSOLUTE (.))
 *(.RAM. RAM.*)
                0x00001db4                . = ALIGN (0x4)
                0x00001db4                PROVIDE (_alt_partition_RAM_end, ABSOLUTE (.))
                0x00001db4                _end = ABSOLUTE (.)
                0x00001db4                end = ABSOLUTE (.)
                0x00001db4                __alt_stack_base = ABSOLUTE (.)
                0x00001db4                PROVIDE (_alt_partition_RAM_load_addr, LOADADDR (.RAM))

.stab
 *(.stab)

.stabstr
 *(.stabstr)

.stab.excl
 *(.stab.excl)

.stab.exclstr
 *(.stab.exclstr)

.stab.index
 *(.stab.index)

.stab.indexstr
 *(.stab.indexstr)

.comment        0x00000000       0x26
 *(.comment)
 .comment       0x00000000       0x26 obj/default//C/Users/zs35/Desktop/lab11/Templates/ENGR220_Lab11_Example.o
                                 0x27 (size before relaxing)
 .comment       0x00000000       0x27 BSP/\libhal_bsp.a(alt_load.o)
 .comment       0x00000000       0x27 BSP/\libhal_bsp.a(alt_main.o)
 .comment       0x00000000       0x27 BSP/\libhal_bsp.a(alt_sys_init.o)
 .comment       0x00000000       0x27 BSP/\libhal_bsp.a(altera_avalon_timer_sc.o)
 .comment       0x00000000       0x27 BSP/\libhal_bsp.a(altera_up_avalon_character_lcd.o)
 .comment       0x00000000       0x27 BSP/\libhal_bsp.a(altera_up_avalon_rs232.o)
 .comment       0x00000000       0x27 BSP/\libhal_bsp.a(alt_close.o)
 .comment       0x00000000       0x27 BSP/\libhal_bsp.a(alt_dcache_flush_all.o)
 .comment       0x00000000       0x27 BSP/\libhal_bsp.a(alt_dev.o)
 .comment       0x00000000       0x27 BSP/\libhal_bsp.a(alt_dev_llist_insert.o)
 .comment       0x00000000       0x27 BSP/\libhal_bsp.a(alt_errno.o)
 .comment       0x00000000       0x27 BSP/\libhal_bsp.a(alt_find_dev.o)
 .comment       0x00000000       0x27 BSP/\libhal_bsp.a(alt_icache_flush_all.o)
 .comment       0x00000000       0x27 BSP/\libhal_bsp.a(alt_irq_register.o)
 .comment       0x00000000       0x27 BSP/\libhal_bsp.a(alt_irq_vars.o)
 .comment       0x00000000       0x27 BSP/\libhal_bsp.a(alt_release_fd.o)
 .comment       0x00000000       0x27 BSP/\libhal_bsp.a(alt_tick.o)
 .comment       0x00000000       0x27 BSP/\libhal_bsp.a(altera_nios2_qsys_irq.o)
 .comment       0x00000000       0x27 BSP/\libhal_bsp.a(alt_icache_flush.o)
 .comment       0x00000000       0x27 BSP/\libhal_bsp.a(alt_irq_handler.o)
 .comment       0x00000000       0x27 c:/altera/13sp1/nios2eds/bin/gnu/h-i686-mingw32/bin/../lib/gcc/nios2-elf/4.1.2/../../../../nios2-elf/lib\libc.a(lib_a-exit.o)
 .comment       0x00000000       0x27 c:/altera/13sp1/nios2eds/bin/gnu/h-i686-mingw32/bin/../lib/gcc/nios2-elf/4.1.2/../../../../nios2-elf/lib\libc.a(lib_a-impure.o)
 .comment       0x00000000       0x27 c:/altera/13sp1/nios2eds/bin/gnu/h-i686-mingw32/bin/../lib/gcc/nios2-elf/4.1.2/../../../../nios2-elf/lib\libc.a(lib_a-int_errno.o)
 .comment       0x00000000       0x27 c:/altera/13sp1/nios2eds/bin/gnu/h-i686-mingw32/bin/../lib/gcc/nios2-elf/4.1.2/../../../../nios2-elf/lib\libc.a(lib_a-memcmp.o)
 .comment       0x00000000       0x27 c:/altera/13sp1/nios2eds/bin/gnu/h-i686-mingw32/bin/../lib/gcc/nios2-elf/4.1.2/../../../../nios2-elf/lib\libc.a(lib_a-strlen.o)
 .comment       0x00000000       0x27 c:/altera/13sp1/nios2eds/bin/gnu/h-i686-mingw32/bin/../lib/gcc/nios2-elf/4.1.2/../../../../nios2-elf/lib\libc.a(lib_a-__call_atexit.o)
 .comment       0x00000000       0x27 BSP/\libhal_bsp.a(alt_exit.o)

.debug
 *(.debug)

.line
 *(.line)

.debug_srcinfo
 *(.debug_srcinfo)

.debug_sfnames
 *(.debug_sfnames)

.debug_aranges  0x00000000      0x398
 *(.debug_aranges)
 .debug_aranges
                0x00000000       0x28 BSP//obj/HAL/src/crt0.o
 .debug_aranges
                0x00000028       0x20 obj/default//C/Users/zs35/Desktop/lab11/Templates/ENGR220_Lab11_Example.o
 .debug_aranges
                0x00000048       0x20 BSP/\libhal_bsp.a(alt_load.o)
 .debug_aranges
                0x00000068       0x20 BSP/\libhal_bsp.a(alt_main.o)
 .debug_aranges
                0x00000088       0x20 BSP/\libhal_bsp.a(alt_sys_init.o)
 .debug_aranges
                0x000000a8       0x20 BSP/\libhal_bsp.a(altera_avalon_timer_sc.o)
 .debug_aranges
                0x000000c8       0x20 BSP/\libhal_bsp.a(altera_up_avalon_character_lcd.o)
 .debug_aranges
                0x000000e8       0x20 BSP/\libhal_bsp.a(altera_up_avalon_rs232.o)
 .debug_aranges
                0x00000108       0x20 BSP/\libhal_bsp.a(alt_close.o)
 .debug_aranges
                0x00000128       0x20 BSP/\libhal_bsp.a(alt_dcache_flush_all.o)
 .debug_aranges
                0x00000148       0x20 BSP/\libhal_bsp.a(alt_dev.o)
 .debug_aranges
                0x00000168       0x20 BSP/\libhal_bsp.a(alt_dev_llist_insert.o)
 .debug_aranges
                0x00000188       0x20 BSP/\libhal_bsp.a(alt_find_dev.o)
 .debug_aranges
                0x000001a8       0x20 BSP/\libhal_bsp.a(alt_icache_flush_all.o)
 .debug_aranges
                0x000001c8       0x20 BSP/\libhal_bsp.a(alt_irq_register.o)
 .debug_aranges
                0x000001e8       0x20 BSP/\libhal_bsp.a(alt_release_fd.o)
 .debug_aranges
                0x00000208       0x20 BSP/\libhal_bsp.a(alt_tick.o)
 .debug_aranges
                0x00000228       0x20 BSP/\libhal_bsp.a(altera_nios2_qsys_irq.o)
 .debug_aranges
                0x00000248       0x20 BSP/\libhal_bsp.a(alt_icache_flush.o)
 .debug_aranges
                0x00000268       0x30 BSP/\libhal_bsp.a(alt_irq_entry.o)
 .debug_aranges
                0x00000298       0x28 BSP/\libhal_bsp.a(alt_irq_handler.o)
 .debug_aranges
                0x000002c0       0x38 BSP/\libhal_bsp.a(alt_exception_entry.o)
 .debug_aranges
                0x000002f8       0x20 c:/altera/13sp1/nios2eds/bin/gnu/h-i686-mingw32/bin/../lib/gcc/nios2-elf/4.1.2/../../../../nios2-elf/lib\libc.a(lib_a-exit.o)
 .debug_aranges
                0x00000318       0x20 c:/altera/13sp1/nios2eds/bin/gnu/h-i686-mingw32/bin/../lib/gcc/nios2-elf/4.1.2/../../../../nios2-elf/lib\libc.a(lib_a-memcmp.o)
 .debug_aranges
                0x00000338       0x20 c:/altera/13sp1/nios2eds/bin/gnu/h-i686-mingw32/bin/../lib/gcc/nios2-elf/4.1.2/../../../../nios2-elf/lib\libc.a(lib_a-strlen.o)
 .debug_aranges
                0x00000358       0x20 c:/altera/13sp1/nios2eds/bin/gnu/h-i686-mingw32/bin/../lib/gcc/nios2-elf/4.1.2/../../../../nios2-elf/lib\libc.a(lib_a-__call_atexit.o)
 .debug_aranges
                0x00000378       0x20 BSP/\libhal_bsp.a(alt_exit.o)

.debug_pubnames
                0x00000000      0x7bc
 *(.debug_pubnames)
 .debug_pubnames
                0x00000000       0x1b obj/default//C/Users/zs35/Desktop/lab11/Templates/ENGR220_Lab11_Example.o
 .debug_pubnames
                0x0000001b       0x1f BSP/\libhal_bsp.a(alt_load.o)
 .debug_pubnames
                0x0000003a       0x46 BSP/\libhal_bsp.a(alt_main.o)
 .debug_pubnames
                0x00000080       0x34 BSP/\libhal_bsp.a(alt_sys_init.o)
 .debug_pubnames
                0x000000b4       0x2f BSP/\libhal_bsp.a(altera_avalon_timer_sc.o)
 .debug_pubnames
                0x000000e3      0x1cd BSP/\libhal_bsp.a(altera_up_avalon_character_lcd.o)
 .debug_pubnames
                0x000002b0      0x163 BSP/\libhal_bsp.a(altera_up_avalon_rs232.o)
 .debug_pubnames
                0x00000413       0x1c BSP/\libhal_bsp.a(alt_close.o)
 .debug_pubnames
                0x0000042f       0x2b BSP/\libhal_bsp.a(alt_dcache_flush_all.o)
 .debug_pubnames
                0x0000045a       0x63 BSP/\libhal_bsp.a(alt_dev.o)
 .debug_pubnames
                0x000004bd       0x2b BSP/\libhal_bsp.a(alt_dev_llist_insert.o)
 .debug_pubnames
                0x000004e8       0x20 BSP/\libhal_bsp.a(alt_errno.o)
 .debug_pubnames
                0x00000508       0x23 BSP/\libhal_bsp.a(alt_find_dev.o)
 .debug_pubnames
                0x0000052b       0x2b BSP/\libhal_bsp.a(alt_icache_flush_all.o)
 .debug_pubnames
                0x00000556       0x27 BSP/\libhal_bsp.a(alt_irq_register.o)
 .debug_pubnames
                0x0000057d       0x3b BSP/\libhal_bsp.a(alt_irq_vars.o)
 .debug_pubnames
                0x000005b8       0x25 BSP/\libhal_bsp.a(alt_release_fd.o)
 .debug_pubnames
                0x000005dd       0x68 BSP/\libhal_bsp.a(alt_tick.o)
 .debug_pubnames
                0x00000645       0x31 BSP/\libhal_bsp.a(altera_nios2_qsys_irq.o)
 .debug_pubnames
                0x00000676       0x27 BSP/\libhal_bsp.a(alt_icache_flush.o)
 .debug_pubnames
                0x0000069d       0x32 BSP/\libhal_bsp.a(alt_irq_handler.o)
 .debug_pubnames
                0x000006cf       0x1b c:/altera/13sp1/nios2eds/bin/gnu/h-i686-mingw32/bin/../lib/gcc/nios2-elf/4.1.2/../../../../nios2-elf/lib\libc.a(lib_a-exit.o)
 .debug_pubnames
                0x000006ea       0x39 c:/altera/13sp1/nios2eds/bin/gnu/h-i686-mingw32/bin/../lib/gcc/nios2-elf/4.1.2/../../../../nios2-elf/lib\libc.a(lib_a-impure.o)
 .debug_pubnames
                0x00000723       0x1c c:/altera/13sp1/nios2eds/bin/gnu/h-i686-mingw32/bin/../lib/gcc/nios2-elf/4.1.2/../../../../nios2-elf/lib\libc.a(lib_a-int_errno.o)
 .debug_pubnames
                0x0000073f       0x1d c:/altera/13sp1/nios2eds/bin/gnu/h-i686-mingw32/bin/../lib/gcc/nios2-elf/4.1.2/../../../../nios2-elf/lib\libc.a(lib_a-memcmp.o)
 .debug_pubnames
                0x0000075c       0x1d c:/altera/13sp1/nios2eds/bin/gnu/h-i686-mingw32/bin/../lib/gcc/nios2-elf/4.1.2/../../../../nios2-elf/lib\libc.a(lib_a-strlen.o)
 .debug_pubnames
                0x00000779       0x27 c:/altera/13sp1/nios2eds/bin/gnu/h-i686-mingw32/bin/../lib/gcc/nios2-elf/4.1.2/../../../../nios2-elf/lib\libc.a(lib_a-__call_atexit.o)
 .debug_pubnames
                0x000007a0       0x1c BSP/\libhal_bsp.a(alt_exit.o)

.debug_info     0x00000000     0x5501
 *(.debug_info .gnu.linkonce.wi.*)
 .debug_info    0x00000000       0x51 BSP//obj/HAL/src/crt0.o
 .debug_info    0x00000051      0x359 obj/default//C/Users/zs35/Desktop/lab11/Templates/ENGR220_Lab11_Example.o
 .debug_info    0x000003aa      0x1a1 BSP/\libhal_bsp.a(alt_load.o)
 .debug_info    0x0000054b      0x161 BSP/\libhal_bsp.a(alt_main.o)
 .debug_info    0x000006ac      0x43f BSP/\libhal_bsp.a(alt_sys_init.o)
 .debug_info    0x00000aeb      0x24d BSP/\libhal_bsp.a(altera_avalon_timer_sc.o)
 .debug_info    0x00000d38      0x653 BSP/\libhal_bsp.a(altera_up_avalon_character_lcd.o)
 .debug_info    0x0000138b      0x5aa BSP/\libhal_bsp.a(altera_up_avalon_rs232.o)
 .debug_info    0x00001935      0x364 BSP/\libhal_bsp.a(alt_close.o)
 .debug_info    0x00001c99       0x8d BSP/\libhal_bsp.a(alt_dcache_flush_all.o)
 .debug_info    0x00001d26      0x4dd BSP/\libhal_bsp.a(alt_dev.o)
 .debug_info    0x00002203      0x1b7 BSP/\libhal_bsp.a(alt_dev_llist_insert.o)
 .debug_info    0x000023ba       0xab BSP/\libhal_bsp.a(alt_errno.o)
 .debug_info    0x00002465      0x310 BSP/\libhal_bsp.a(alt_find_dev.o)
 .debug_info    0x00002775       0x8f BSP/\libhal_bsp.a(alt_icache_flush_all.o)
 .debug_info    0x00002804      0x318 BSP/\libhal_bsp.a(alt_irq_register.o)
 .debug_info    0x00002b1c       0x92 BSP/\libhal_bsp.a(alt_irq_vars.o)
 .debug_info    0x00002bae      0x2d9 BSP/\libhal_bsp.a(alt_release_fd.o)
 .debug_info    0x00002e87      0x2bb BSP/\libhal_bsp.a(alt_tick.o)
 .debug_info    0x00003142       0xb7 BSP/\libhal_bsp.a(altera_nios2_qsys_irq.o)
 .debug_info    0x000031f9       0xd5 BSP/\libhal_bsp.a(alt_icache_flush.o)
 .debug_info    0x000032ce       0x5a BSP/\libhal_bsp.a(alt_irq_entry.o)
 .debug_info    0x00003328      0x18f BSP/\libhal_bsp.a(alt_irq_handler.o)
 .debug_info    0x000034b7       0x60 BSP/\libhal_bsp.a(alt_exception_entry.o)
 .debug_info    0x00003517      0x93f c:/altera/13sp1/nios2eds/bin/gnu/h-i686-mingw32/bin/../lib/gcc/nios2-elf/4.1.2/../../../../nios2-elf/lib\libc.a(lib_a-exit.o)
 .debug_info    0x00003e56      0x93d c:/altera/13sp1/nios2eds/bin/gnu/h-i686-mingw32/bin/../lib/gcc/nios2-elf/4.1.2/../../../../nios2-elf/lib\libc.a(lib_a-impure.o)
 .debug_info    0x00004793       0x8c c:/altera/13sp1/nios2eds/bin/gnu/h-i686-mingw32/bin/../lib/gcc/nios2-elf/4.1.2/../../../../nios2-elf/lib\libc.a(lib_a-int_errno.o)
 .debug_info    0x0000481f      0x115 c:/altera/13sp1/nios2eds/bin/gnu/h-i686-mingw32/bin/../lib/gcc/nios2-elf/4.1.2/../../../../nios2-elf/lib\libc.a(lib_a-memcmp.o)
 .debug_info    0x00004934       0xdb c:/altera/13sp1/nios2eds/bin/gnu/h-i686-mingw32/bin/../lib/gcc/nios2-elf/4.1.2/../../../../nios2-elf/lib\libc.a(lib_a-strlen.o)
 .debug_info    0x00004a0f      0x9e2 c:/altera/13sp1/nios2eds/bin/gnu/h-i686-mingw32/bin/../lib/gcc/nios2-elf/4.1.2/../../../../nios2-elf/lib\libc.a(lib_a-__call_atexit.o)
 .debug_info    0x000053f1      0x110 BSP/\libhal_bsp.a(alt_exit.o)

.debug_abbrev   0x00000000     0x19f3
 *(.debug_abbrev)
 .debug_abbrev  0x00000000       0x12 BSP//obj/HAL/src/crt0.o
 .debug_abbrev  0x00000012       0xf5 obj/default//C/Users/zs35/Desktop/lab11/Templates/ENGR220_Lab11_Example.o
 .debug_abbrev  0x00000107       0xb6 BSP/\libhal_bsp.a(alt_load.o)
 .debug_abbrev  0x000001bd       0xbe BSP/\libhal_bsp.a(alt_main.o)
 .debug_abbrev  0x0000027b      0x15a BSP/\libhal_bsp.a(alt_sys_init.o)
 .debug_abbrev  0x000003d5      0x14b BSP/\libhal_bsp.a(altera_avalon_timer_sc.o)
 .debug_abbrev  0x00000520      0x182 BSP/\libhal_bsp.a(altera_up_avalon_character_lcd.o)
 .debug_abbrev  0x000006a2      0x155 BSP/\libhal_bsp.a(altera_up_avalon_rs232.o)
 .debug_abbrev  0x000007f7      0x124 BSP/\libhal_bsp.a(alt_close.o)
 .debug_abbrev  0x0000091b       0x3f BSP/\libhal_bsp.a(alt_dcache_flush_all.o)
 .debug_abbrev  0x0000095a       0xd6 BSP/\libhal_bsp.a(alt_dev.o)
 .debug_abbrev  0x00000a30      0x117 BSP/\libhal_bsp.a(alt_dev_llist_insert.o)
 .debug_abbrev  0x00000b47       0x5e BSP/\libhal_bsp.a(alt_errno.o)
 .debug_abbrev  0x00000ba5       0xed BSP/\libhal_bsp.a(alt_find_dev.o)
 .debug_abbrev  0x00000c92       0x3f BSP/\libhal_bsp.a(alt_icache_flush_all.o)
 .debug_abbrev  0x00000cd1      0x1a8 BSP/\libhal_bsp.a(alt_irq_register.o)
 .debug_abbrev  0x00000e79       0x44 BSP/\libhal_bsp.a(alt_irq_vars.o)
 .debug_abbrev  0x00000ebd       0xdb BSP/\libhal_bsp.a(alt_release_fd.o)
 .debug_abbrev  0x00000f98      0x170 BSP/\libhal_bsp.a(alt_tick.o)
 .debug_abbrev  0x00001108       0x64 BSP/\libhal_bsp.a(altera_nios2_qsys_irq.o)
 .debug_abbrev  0x0000116c       0x89 BSP/\libhal_bsp.a(alt_icache_flush.o)
 .debug_abbrev  0x000011f5       0x12 BSP/\libhal_bsp.a(alt_irq_entry.o)
 .debug_abbrev  0x00001207      0x12f BSP/\libhal_bsp.a(alt_irq_handler.o)
 .debug_abbrev  0x00001336       0x12 BSP/\libhal_bsp.a(alt_exception_entry.o)
 .debug_abbrev  0x00001348      0x16e c:/altera/13sp1/nios2eds/bin/gnu/h-i686-mingw32/bin/../lib/gcc/nios2-elf/4.1.2/../../../../nios2-elf/lib\libc.a(lib_a-exit.o)
 .debug_abbrev  0x000014b6      0x157 c:/altera/13sp1/nios2eds/bin/gnu/h-i686-mingw32/bin/../lib/gcc/nios2-elf/4.1.2/../../../../nios2-elf/lib\libc.a(lib_a-impure.o)
 .debug_abbrev  0x0000160d       0x3b c:/altera/13sp1/nios2eds/bin/gnu/h-i686-mingw32/bin/../lib/gcc/nios2-elf/4.1.2/../../../../nios2-elf/lib\libc.a(lib_a-int_errno.o)
 .debug_abbrev  0x00001648       0x7c c:/altera/13sp1/nios2eds/bin/gnu/h-i686-mingw32/bin/../lib/gcc/nios2-elf/4.1.2/../../../../nios2-elf/lib\libc.a(lib_a-memcmp.o)
 .debug_abbrev  0x000016c4       0x8b c:/altera/13sp1/nios2eds/bin/gnu/h-i686-mingw32/bin/../lib/gcc/nios2-elf/4.1.2/../../../../nios2-elf/lib\libc.a(lib_a-strlen.o)
 .debug_abbrev  0x0000174f      0x1de c:/altera/13sp1/nios2eds/bin/gnu/h-i686-mingw32/bin/../lib/gcc/nios2-elf/4.1.2/../../../../nios2-elf/lib\libc.a(lib_a-__call_atexit.o)
 .debug_abbrev  0x0000192d       0xc6 BSP/\libhal_bsp.a(alt_exit.o)

.debug_line     0x00000000     0x4177
 *(.debug_line)
 .debug_line    0x00000000       0x6c BSP//obj/HAL/src/crt0.o
 .debug_line    0x0000006c      0x1db obj/default//C/Users/zs35/Desktop/lab11/Templates/ENGR220_Lab11_Example.o
 .debug_line    0x00000247      0x26f BSP/\libhal_bsp.a(alt_load.o)
 .debug_line    0x000004b6      0x2c2 BSP/\libhal_bsp.a(alt_main.o)
 .debug_line    0x00000778      0x2cf BSP/\libhal_bsp.a(alt_sys_init.o)
 .debug_line    0x00000a47      0x2b0 BSP/\libhal_bsp.a(altera_avalon_timer_sc.o)
 .debug_line    0x00000cf7      0x438 BSP/\libhal_bsp.a(altera_up_avalon_character_lcd.o)
 .debug_line    0x0000112f      0x37e BSP/\libhal_bsp.a(altera_up_avalon_rs232.o)
 .debug_line    0x000014ad      0x281 BSP/\libhal_bsp.a(alt_close.o)
 .debug_line    0x0000172e      0x1b1 BSP/\libhal_bsp.a(alt_dcache_flush_all.o)
 .debug_line    0x000018df      0x248 BSP/\libhal_bsp.a(alt_dev.o)
 .debug_line    0x00001b27      0x232 BSP/\libhal_bsp.a(alt_dev_llist_insert.o)
 .debug_line    0x00001d59      0x1a6 BSP/\libhal_bsp.a(alt_errno.o)
 .debug_line    0x00001eff      0x257 BSP/\libhal_bsp.a(alt_find_dev.o)
 .debug_line    0x00002156      0x1b9 BSP/\libhal_bsp.a(alt_icache_flush_all.o)
 .debug_line    0x0000230f      0x288 BSP/\libhal_bsp.a(alt_irq_register.o)
 .debug_line    0x00002597       0x72 BSP/\libhal_bsp.a(alt_irq_vars.o)
 .debug_line    0x00002609       0xe5 BSP/\libhal_bsp.a(alt_release_fd.o)
 .debug_line    0x000026ee      0x2c7 BSP/\libhal_bsp.a(alt_tick.o)
 .debug_line    0x000029b5      0x1e3 BSP/\libhal_bsp.a(altera_nios2_qsys_irq.o)
 .debug_line    0x00002b98      0x1e5 BSP/\libhal_bsp.a(alt_icache_flush.o)
 .debug_line    0x00002d7d       0x6b BSP/\libhal_bsp.a(alt_irq_entry.o)
 .debug_line    0x00002de8      0x23c BSP/\libhal_bsp.a(alt_irq_handler.o)
 .debug_line    0x00003024       0xab BSP/\libhal_bsp.a(alt_exception_entry.o)
 .debug_line    0x000030cf      0x238 c:/altera/13sp1/nios2eds/bin/gnu/h-i686-mingw32/bin/../lib/gcc/nios2-elf/4.1.2/../../../../nios2-elf/lib\libc.a(lib_a-exit.o)
 .debug_line    0x00003307      0x22d c:/altera/13sp1/nios2eds/bin/gnu/h-i686-mingw32/bin/../lib/gcc/nios2-elf/4.1.2/../../../../nios2-elf/lib\libc.a(lib_a-impure.o)
 .debug_line    0x00003534      0x1df c:/altera/13sp1/nios2eds/bin/gnu/h-i686-mingw32/bin/../lib/gcc/nios2-elf/4.1.2/../../../../nios2-elf/lib\libc.a(lib_a-int_errno.o)
 .debug_line    0x00003713      0x29f c:/altera/13sp1/nios2eds/bin/gnu/h-i686-mingw32/bin/../lib/gcc/nios2-elf/4.1.2/../../../../nios2-elf/lib\libc.a(lib_a-memcmp.o)
 .debug_line    0x000039b2      0x26d c:/altera/13sp1/nios2eds/bin/gnu/h-i686-mingw32/bin/../lib/gcc/nios2-elf/4.1.2/../../../../nios2-elf/lib\libc.a(lib_a-strlen.o)
 .debug_line    0x00003c1f      0x367 c:/altera/13sp1/nios2eds/bin/gnu/h-i686-mingw32/bin/../lib/gcc/nios2-elf/4.1.2/../../../../nios2-elf/lib\libc.a(lib_a-__call_atexit.o)
 .debug_line    0x00003f86      0x1f1 BSP/\libhal_bsp.a(alt_exit.o)

.debug_frame    0x00000000      0x5b8
 *(.debug_frame)
 .debug_frame   0x00000000       0x28 obj/default//C/Users/zs35/Desktop/lab11/Templates/ENGR220_Lab11_Example.o
 .debug_frame   0x00000028       0x28 BSP/\libhal_bsp.a(alt_load.o)
 .debug_frame   0x00000050       0x28 BSP/\libhal_bsp.a(alt_main.o)
 .debug_frame   0x00000078       0x44 BSP/\libhal_bsp.a(alt_sys_init.o)
 .debug_frame   0x000000bc       0x40 BSP/\libhal_bsp.a(altera_avalon_timer_sc.o)
 .debug_frame   0x000000fc      0x134 BSP/\libhal_bsp.a(altera_up_avalon_character_lcd.o)
 .debug_frame   0x00000230       0xe4 BSP/\libhal_bsp.a(altera_up_avalon_rs232.o)
 .debug_frame   0x00000314       0x2c BSP/\libhal_bsp.a(alt_close.o)
 .debug_frame   0x00000340       0x20 BSP/\libhal_bsp.a(alt_dcache_flush_all.o)
 .debug_frame   0x00000360       0x20 BSP/\libhal_bsp.a(alt_dev.o)
 .debug_frame   0x00000380       0x28 BSP/\libhal_bsp.a(alt_dev_llist_insert.o)
 .debug_frame   0x000003a8       0x30 BSP/\libhal_bsp.a(alt_find_dev.o)
 .debug_frame   0x000003d8       0x28 BSP/\libhal_bsp.a(alt_icache_flush_all.o)
 .debug_frame   0x00000400       0x20 BSP/\libhal_bsp.a(alt_irq_register.o)
 .debug_frame   0x00000420       0x20 BSP/\libhal_bsp.a(alt_release_fd.o)
 .debug_frame   0x00000440       0x3c BSP/\libhal_bsp.a(alt_tick.o)
 .debug_frame   0x0000047c       0x20 BSP/\libhal_bsp.a(altera_nios2_qsys_irq.o)
 .debug_frame   0x0000049c       0x20 BSP/\libhal_bsp.a(alt_icache_flush.o)
 .debug_frame   0x000004bc       0x28 BSP/\libhal_bsp.a(alt_irq_handler.o)
 .debug_frame   0x000004e4       0x28 c:/altera/13sp1/nios2eds/bin/gnu/h-i686-mingw32/bin/../lib/gcc/nios2-elf/4.1.2/../../../../nios2-elf/lib\libc.a(lib_a-exit.o)
 .debug_frame   0x0000050c       0x20 c:/altera/13sp1/nios2eds/bin/gnu/h-i686-mingw32/bin/../lib/gcc/nios2-elf/4.1.2/../../../../nios2-elf/lib\libc.a(lib_a-memcmp.o)
 .debug_frame   0x0000052c       0x20 c:/altera/13sp1/nios2eds/bin/gnu/h-i686-mingw32/bin/../lib/gcc/nios2-elf/4.1.2/../../../../nios2-elf/lib\libc.a(lib_a-strlen.o)
 .debug_frame   0x0000054c       0x4c c:/altera/13sp1/nios2eds/bin/gnu/h-i686-mingw32/bin/../lib/gcc/nios2-elf/4.1.2/../../../../nios2-elf/lib\libc.a(lib_a-__call_atexit.o)
 .debug_frame   0x00000598       0x20 BSP/\libhal_bsp.a(alt_exit.o)

.debug_str      0x00000000     0x12f2
 *(.debug_str)
 .debug_str     0x00000000      0x189 obj/default//C/Users/zs35/Desktop/lab11/Templates/ENGR220_Lab11_Example.o
                                0x1ed (size before relaxing)
 .debug_str     0x00000189      0x109 BSP/\libhal_bsp.a(alt_load.o)
                                0x1a6 (size before relaxing)
 .debug_str     0x00000292       0x65 BSP/\libhal_bsp.a(alt_main.o)
                                0x15a (size before relaxing)
 .debug_str     0x000002f7       0xa1 BSP/\libhal_bsp.a(alt_sys_init.o)
                                0x258 (size before relaxing)
 .debug_str     0x00000398       0xb6 BSP/\libhal_bsp.a(altera_avalon_timer_sc.o)
                                0x1f9 (size before relaxing)
 .debug_str     0x0000044e      0x1ea BSP/\libhal_bsp.a(altera_up_avalon_character_lcd.o)
                                0x385 (size before relaxing)
 .debug_str     0x00000638      0x182 BSP/\libhal_bsp.a(altera_up_avalon_rs232.o)
                                0x300 (size before relaxing)
 .debug_str     0x000007ba       0x44 BSP/\libhal_bsp.a(alt_close.o)
                                0x19f (size before relaxing)
 .debug_str     0x000007fe       0x34 BSP/\libhal_bsp.a(alt_dcache_flush_all.o)
                                 0xe9 (size before relaxing)
 .debug_str     0x00000832      0x120 BSP/\libhal_bsp.a(alt_dev.o)
                                0x299 (size before relaxing)
 .debug_str     0x00000952       0x59 BSP/\libhal_bsp.a(alt_dev_llist_insert.o)
                                0x160 (size before relaxing)
 .debug_str     0x000009ab       0x14 BSP/\libhal_bsp.a(alt_errno.o)
                                 0xd9 (size before relaxing)
 .debug_str     0x000009bf       0x24 BSP/\libhal_bsp.a(alt_find_dev.o)
                                0x180 (size before relaxing)
 .debug_str     0x000009e3       0x34 BSP/\libhal_bsp.a(alt_icache_flush_all.o)
                                 0xe9 (size before relaxing)
 .debug_str     0x00000a17       0x77 BSP/\libhal_bsp.a(alt_irq_register.o)
                                0x19c (size before relaxing)
 .debug_str     0x00000a8e       0x17 BSP/\libhal_bsp.a(alt_irq_vars.o)
                                 0xe3 (size before relaxing)
 .debug_str     0x00000aa5       0x28 BSP/\libhal_bsp.a(alt_release_fd.o)
                                0x17c (size before relaxing)
 .debug_str     0x00000acd       0x78 BSP/\libhal_bsp.a(alt_tick.o)
                                0x207 (size before relaxing)
 .debug_str     0x00000b45       0x3b BSP/\libhal_bsp.a(altera_nios2_qsys_irq.o)
                                0x119 (size before relaxing)
 .debug_str     0x00000b80       0x2c BSP/\libhal_bsp.a(alt_icache_flush.o)
                                 0xef (size before relaxing)
 .debug_str     0x00000bac       0x3a BSP/\libhal_bsp.a(alt_irq_handler.o)
                                0x14c (size before relaxing)
 .debug_str     0x00000be6      0x42f c:/altera/13sp1/nios2eds/bin/gnu/h-i686-mingw32/bin/../lib/gcc/nios2-elf/4.1.2/../../../../nios2-elf/lib\libc.a(lib_a-exit.o)
                                0x50c (size before relaxing)
 .debug_str     0x00001015       0xd1 c:/altera/13sp1/nios2eds/bin/gnu/h-i686-mingw32/bin/../lib/gcc/nios2-elf/4.1.2/../../../../nios2-elf/lib\libc.a(lib_a-impure.o)
                                0x51a (size before relaxing)
 .debug_str     0x000010e6       0x3d c:/altera/13sp1/nios2eds/bin/gnu/h-i686-mingw32/bin/../lib/gcc/nios2-elf/4.1.2/../../../../nios2-elf/lib\libc.a(lib_a-int_errno.o)
                                0x163 (size before relaxing)
 .debug_str     0x00001123       0xd5 c:/altera/13sp1/nios2eds/bin/gnu/h-i686-mingw32/bin/../lib/gcc/nios2-elf/4.1.2/../../../../nios2-elf/lib\libc.a(lib_a-memcmp.o)
                                0x16a (size before relaxing)
 .debug_str     0x000011f8       0x4f c:/altera/13sp1/nios2eds/bin/gnu/h-i686-mingw32/bin/../lib/gcc/nios2-elf/4.1.2/../../../../nios2-elf/lib\libc.a(lib_a-strlen.o)
                                0x17d (size before relaxing)
 .debug_str     0x00001247       0x7b c:/altera/13sp1/nios2eds/bin/gnu/h-i686-mingw32/bin/../lib/gcc/nios2-elf/4.1.2/../../../../nios2-elf/lib\libc.a(lib_a-__call_atexit.o)
                                0x54e (size before relaxing)
 .debug_str     0x000012c2       0x30 BSP/\libhal_bsp.a(alt_exit.o)
                                0x10e (size before relaxing)

.debug_loc      0x00000000      0xe92
 *(.debug_loc)
 .debug_loc     0x00000000       0x32 obj/default//C/Users/zs35/Desktop/lab11/Templates/ENGR220_Lab11_Example.o
 .debug_loc     0x00000032       0xeb BSP/\libhal_bsp.a(alt_load.o)
 .debug_loc     0x0000011d       0x1f BSP/\libhal_bsp.a(alt_main.o)
 .debug_loc     0x0000013c       0x51 BSP/\libhal_bsp.a(alt_sys_init.o)
 .debug_loc     0x0000018d       0xd9 BSP/\libhal_bsp.a(altera_avalon_timer_sc.o)
 .debug_loc     0x00000266      0x39a BSP/\libhal_bsp.a(altera_up_avalon_character_lcd.o)
 .debug_loc     0x00000600      0x23b BSP/\libhal_bsp.a(altera_up_avalon_rs232.o)
 .debug_loc     0x0000083b       0x9a BSP/\libhal_bsp.a(alt_close.o)
 .debug_loc     0x000008d5       0x5b BSP/\libhal_bsp.a(alt_dev_llist_insert.o)
 .debug_loc     0x00000930       0x81 BSP/\libhal_bsp.a(alt_find_dev.o)
 .debug_loc     0x000009b1       0x1f BSP/\libhal_bsp.a(alt_icache_flush_all.o)
 .debug_loc     0x000009d0       0x78 BSP/\libhal_bsp.a(alt_irq_register.o)
 .debug_loc     0x00000a48       0x66 BSP/\libhal_bsp.a(alt_tick.o)
 .debug_loc     0x00000aae       0x13 BSP/\libhal_bsp.a(alt_icache_flush.o)
 .debug_loc     0x00000ac1       0x79 BSP/\libhal_bsp.a(alt_irq_handler.o)
 .debug_loc     0x00000b3a       0x3d c:/altera/13sp1/nios2eds/bin/gnu/h-i686-mingw32/bin/../lib/gcc/nios2-elf/4.1.2/../../../../nios2-elf/lib\libc.a(lib_a-exit.o)
 .debug_loc     0x00000b77      0x114 c:/altera/13sp1/nios2eds/bin/gnu/h-i686-mingw32/bin/../lib/gcc/nios2-elf/4.1.2/../../../../nios2-elf/lib\libc.a(lib_a-memcmp.o)
 .debug_loc     0x00000c8b       0x3c c:/altera/13sp1/nios2eds/bin/gnu/h-i686-mingw32/bin/../lib/gcc/nios2-elf/4.1.2/../../../../nios2-elf/lib\libc.a(lib_a-strlen.o)
 .debug_loc     0x00000cc7      0x1cb c:/altera/13sp1/nios2eds/bin/gnu/h-i686-mingw32/bin/../lib/gcc/nios2-elf/4.1.2/../../../../nios2-elf/lib\libc.a(lib_a-__call_atexit.o)

.debug_macinfo
 *(.debug_macinfo)

.debug_weaknames
 *(.debug_weaknames)

.debug_funcnames
 *(.debug_funcnames)

.debug_typenames
 *(.debug_typenames)

.debug_varnames
 *(.debug_varnames)

.debug_alt_sim_info
                0x00000000       0x20
 *(.debug_alt_sim_info)
 .debug_alt_sim_info
                0x00000000       0x20 BSP//obj/HAL/src/crt0.o
                0x00008000                __alt_data_end = 0x8000
                0x00008000                PROVIDE (__alt_stack_pointer, __alt_data_end)
                0x00001db4                PROVIDE (__alt_stack_limit, __alt_stack_base)
                0x00001db4                PROVIDE (__alt_heap_start, end)
                0x00008000                PROVIDE (__alt_heap_limit, 0x8000)
OUTPUT(C:/Users/zs35/Desktop/lab11/ENGR220_Lab11_Example.elf elf32-littlenios2)

.debug_ranges   0x00000000       0xf0
 .debug_ranges  0x00000000       0x20 BSP//obj/HAL/src/crt0.o
 .debug_ranges  0x00000020       0x48 BSP/\libhal_bsp.a(alt_load.o)
 .debug_ranges  0x00000068       0x28 BSP/\libhal_bsp.a(alt_irq_entry.o)
 .debug_ranges  0x00000090       0x18 BSP/\libhal_bsp.a(alt_irq_handler.o)
 .debug_ranges  0x000000a8       0x30 BSP/\libhal_bsp.a(alt_exception_entry.o)
 .debug_ranges  0x000000d8       0x18 c:/altera/13sp1/nios2eds/bin/gnu/h-i686-mingw32/bin/../lib/gcc/nios2-elf/4.1.2/../../../../nios2-elf/lib\libc.a(lib_a-__call_atexit.o)
